Archive member included to satisfy reference by file (symbol)

c:/st/stm32cubeide_1.4.0/stm32cubeide/plugins/com.st.stm32cube.ide.mcu.externaltools.gnu-tools-for-stm32.7-2018-q2-update.win32_1.5.0.202011040924/tools/bin/../lib/gcc/arm-none-eabi/7.3.1/../../../../arm-none-eabi/lib/thumb/v7e-m/fpv4-sp/hard\libc_nano.a(lib_a-errno.o)
                              Core/Src/syscalls.o (__errno)
c:/st/stm32cubeide_1.4.0/stm32cubeide/plugins/com.st.stm32cube.ide.mcu.externaltools.gnu-tools-for-stm32.7-2018-q2-update.win32_1.5.0.202011040924/tools/bin/../lib/gcc/arm-none-eabi/7.3.1/../../../../arm-none-eabi/lib/thumb/v7e-m/fpv4-sp/hard\libc_nano.a(lib_a-exit.o)
                              c:/st/stm32cubeide_1.4.0/stm32cubeide/plugins/com.st.stm32cube.ide.mcu.externaltools.gnu-tools-for-stm32.7-2018-q2-update.win32_1.5.0.202011040924/tools/bin/../lib/gcc/arm-none-eabi/7.3.1/../../../../arm-none-eabi/lib/thumb/v7e-m/fpv4-sp/hard/crt0.o (exit)
c:/st/stm32cubeide_1.4.0/stm32cubeide/plugins/com.st.stm32cube.ide.mcu.externaltools.gnu-tools-for-stm32.7-2018-q2-update.win32_1.5.0.202011040924/tools/bin/../lib/gcc/arm-none-eabi/7.3.1/../../../../arm-none-eabi/lib/thumb/v7e-m/fpv4-sp/hard\libc_nano.a(lib_a-impure.o)
                              c:/st/stm32cubeide_1.4.0/stm32cubeide/plugins/com.st.stm32cube.ide.mcu.externaltools.gnu-tools-for-stm32.7-2018-q2-update.win32_1.5.0.202011040924/tools/bin/../lib/gcc/arm-none-eabi/7.3.1/../../../../arm-none-eabi/lib/thumb/v7e-m/fpv4-sp/hard\libc_nano.a(lib_a-exit.o) (_global_impure_ptr)
c:/st/stm32cubeide_1.4.0/stm32cubeide/plugins/com.st.stm32cube.ide.mcu.externaltools.gnu-tools-for-stm32.7-2018-q2-update.win32_1.5.0.202011040924/tools/bin/../lib/gcc/arm-none-eabi/7.3.1/../../../../arm-none-eabi/lib/thumb/v7e-m/fpv4-sp/hard\libc_nano.a(lib_a-init.o)
                              c:/st/stm32cubeide_1.4.0/stm32cubeide/plugins/com.st.stm32cube.ide.mcu.externaltools.gnu-tools-for-stm32.7-2018-q2-update.win32_1.5.0.202011040924/tools/bin/../lib/gcc/arm-none-eabi/7.3.1/../../../../arm-none-eabi/lib/thumb/v7e-m/fpv4-sp/hard/crt0.o (__libc_init_array)
c:/st/stm32cubeide_1.4.0/stm32cubeide/plugins/com.st.stm32cube.ide.mcu.externaltools.gnu-tools-for-stm32.7-2018-q2-update.win32_1.5.0.202011040924/tools/bin/../lib/gcc/arm-none-eabi/7.3.1/../../../../arm-none-eabi/lib/thumb/v7e-m/fpv4-sp/hard\libc_nano.a(lib_a-memcpy-stub.o)
                              Core/Tracealyzer/streamports/SEGGER_RTT.o (memcpy)
c:/st/stm32cubeide_1.4.0/stm32cubeide/plugins/com.st.stm32cube.ide.mcu.externaltools.gnu-tools-for-stm32.7-2018-q2-update.win32_1.5.0.202011040924/tools/bin/../lib/gcc/arm-none-eabi/7.3.1/../../../../arm-none-eabi/lib/thumb/v7e-m/fpv4-sp/hard\libc_nano.a(lib_a-memset.o)
                              c:/st/stm32cubeide_1.4.0/stm32cubeide/plugins/com.st.stm32cube.ide.mcu.externaltools.gnu-tools-for-stm32.7-2018-q2-update.win32_1.5.0.202011040924/tools/bin/../lib/gcc/arm-none-eabi/7.3.1/../../../../arm-none-eabi/lib/thumb/v7e-m/fpv4-sp/hard/crt0.o (memset)
c:/st/stm32cubeide_1.4.0/stm32cubeide/plugins/com.st.stm32cube.ide.mcu.externaltools.gnu-tools-for-stm32.7-2018-q2-update.win32_1.5.0.202011040924/tools/bin/../lib/gcc/arm-none-eabi/7.3.1/../../../../arm-none-eabi/lib/thumb/v7e-m/fpv4-sp/hard\libc_nano.a(lib_a-strlen.o)
                              Core/Tracealyzer/streamports/SEGGER_RTT.o (strlen)
c:/st/stm32cubeide_1.4.0/stm32cubeide/plugins/com.st.stm32cube.ide.mcu.externaltools.gnu-tools-for-stm32.7-2018-q2-update.win32_1.5.0.202011040924/tools/bin/../lib/gcc/arm-none-eabi/7.3.1/../../../../arm-none-eabi/lib/thumb/v7e-m/fpv4-sp/hard\libc_nano.a(lib_a-vsnprintf.o)
                              Core/Tracealyzer/trcStreamingRecorder.o (vsnprintf)
c:/st/stm32cubeide_1.4.0/stm32cubeide/plugins/com.st.stm32cube.ide.mcu.externaltools.gnu-tools-for-stm32.7-2018-q2-update.win32_1.5.0.202011040924/tools/bin/../lib/gcc/arm-none-eabi/7.3.1/../../../../arm-none-eabi/lib/thumb/v7e-m/fpv4-sp/hard\libc_nano.a(lib_a-nano-svfprintf.o)
                              c:/st/stm32cubeide_1.4.0/stm32cubeide/plugins/com.st.stm32cube.ide.mcu.externaltools.gnu-tools-for-stm32.7-2018-q2-update.win32_1.5.0.202011040924/tools/bin/../lib/gcc/arm-none-eabi/7.3.1/../../../../arm-none-eabi/lib/thumb/v7e-m/fpv4-sp/hard\libc_nano.a(lib_a-vsnprintf.o) (_svfprintf_r)
c:/st/stm32cubeide_1.4.0/stm32cubeide/plugins/com.st.stm32cube.ide.mcu.externaltools.gnu-tools-for-stm32.7-2018-q2-update.win32_1.5.0.202011040924/tools/bin/../lib/gcc/arm-none-eabi/7.3.1/../../../../arm-none-eabi/lib/thumb/v7e-m/fpv4-sp/hard\libc_nano.a(lib_a-nano-vfprintf_i.o)
                              c:/st/stm32cubeide_1.4.0/stm32cubeide/plugins/com.st.stm32cube.ide.mcu.externaltools.gnu-tools-for-stm32.7-2018-q2-update.win32_1.5.0.202011040924/tools/bin/../lib/gcc/arm-none-eabi/7.3.1/../../../../arm-none-eabi/lib/thumb/v7e-m/fpv4-sp/hard\libc_nano.a(lib_a-nano-svfprintf.o) (_printf_i)
[...]
Memory Configuration

Name             Origin             Length             Attributes
RAM              0x0000000020000000 0x0000000000050000 xrw
FLASH            0x0000000008000000 0x0000000000100000 xr
*default*        0x0000000000000000 0xffffffffffffffff

Linker script and memory map

LOAD c:/st/stm32cubeide_1.4.0/stm32cubeide/plugins/com.st.stm32cube.ide.mcu.externaltools.gnu-tools-for-stm32.7-2018-q2-update.win32_1.5.0.202011040924/tools/bin/../lib/gcc/arm-none-eabi/7.3.1/thumb/v7e-m/fpv4-sp/hard/crti.o
LOAD c:/st/stm32cubeide_1.4.0/stm32cubeide/plugins/com.st.stm32cube.ide.mcu.externaltools.gnu-tools-for-stm32.7-2018-q2-update.win32_1.5.0.202011040924/tools/bin/../lib/gcc/arm-none-eabi/7.3.1/thumb/v7e-m/fpv4-sp/hard/crtbegin.o
LOAD c:/st/stm32cubeide_1.4.0/stm32cubeide/plugins/com.st.stm32cube.ide.mcu.externaltools.gnu-tools-for-stm32.7-2018-q2-update.win32_1.5.0.202011040924/tools/bin/../lib/gcc/arm-none-eabi/7.3.1/../../../../arm-none-eabi/lib/thumb/v7e-m/fpv4-sp/hard/crt0.o
LOAD Core/Src/freertos.o
LOAD Core/Src/gpio.o
LOAD Core/Src/main.o
LOAD Core/Src/stm32f7xx_hal_msp.o
LOAD Core/Src/stm32f7xx_hal_timebase_tim.o
LOAD Core/Src/stm32f7xx_it.o
LOAD Core/Src/syscalls.o
LOAD Core/Src/sysmem.o
LOAD Core/Src/system_stm32f7xx.o
LOAD Core/Startup/startup_stm32f746nghx.o
LOAD Core/Tracealyzer/streamports/SEGGER_RTT.o
LOAD Core/Tracealyzer/streamports/trcStreamingPort.o
LOAD Core/Tracealyzer/trcKernelPort.o
LOAD Core/Tracealyzer/trcSnapshotRecorder.o
LOAD Core/Tracealyzer/trcStreamingRecorder.o
LOAD Drivers/STM32F7xx_HAL_Driver/Src/stm32f7xx_hal.o
LOAD Drivers/STM32F7xx_HAL_Driver/Src/stm32f7xx_hal_cortex.o
LOAD Drivers/STM32F7xx_HAL_Driver/Src/stm32f7xx_hal_dma.o
LOAD Drivers/STM32F7xx_HAL_Driver/Src/stm32f7xx_hal_dma_ex.o
LOAD Drivers/STM32F7xx_HAL_Driver/Src/stm32f7xx_hal_exti.o
LOAD Drivers/STM32F7xx_HAL_Driver/Src/stm32f7xx_hal_flash.o
LOAD Drivers/STM32F7xx_HAL_Driver/Src/stm32f7xx_hal_flash_ex.o
LOAD Drivers/STM32F7xx_HAL_Driver/Src/stm32f7xx_hal_gpio.o
LOAD Drivers/STM32F7xx_HAL_Driver/Src/stm32f7xx_hal_i2c.o
LOAD Drivers/STM32F7xx_HAL_Driver/Src/stm32f7xx_hal_i2c_ex.o
LOAD Drivers/STM32F7xx_HAL_Driver/Src/stm32f7xx_hal_pwr.o
LOAD Drivers/STM32F7xx_HAL_Driver/Src/stm32f7xx_hal_pwr_ex.o
LOAD Drivers/STM32F7xx_HAL_Driver/Src/stm32f7xx_hal_rcc.o
LOAD Drivers/STM32F7xx_HAL_Driver/Src/stm32f7xx_hal_rcc_ex.o
LOAD Drivers/STM32F7xx_HAL_Driver/Src/stm32f7xx_hal_tim.o
LOAD Drivers/STM32F7xx_HAL_Driver/Src/stm32f7xx_hal_tim_ex.o
LOAD Middlewares/Third_Party/FreeRTOS/Source/CMSIS_RTOS/cmsis_os.o
LOAD Middlewares/Third_Party/FreeRTOS/Source/croutine.o
LOAD Middlewares/Third_Party/FreeRTOS/Source/event_groups.o
LOAD Middlewares/Third_Party/FreeRTOS/Source/list.o
LOAD Middlewares/Third_Party/FreeRTOS/Source/queue.o
LOAD Middlewares/Third_Party/FreeRTOS/Source/stream_buffer.o
LOAD Middlewares/Third_Party/FreeRTOS/Source/tasks.o
LOAD Middlewares/Third_Party/FreeRTOS/Source/timers.o
LOAD Middlewares/Third_Party/FreeRTOS/Source/portable/GCC/ARM_CM7/r0p1/port.o
LOAD Middlewares/Third_Party/FreeRTOS/Source/portable/MemMang/heap_4.o
START GROUP
LOAD c:/st/stm32cubeide_1.4.0/stm32cubeide/plugins/com.st.stm32cube.ide.mcu.externaltools.gnu-tools-for-stm32.7-2018-q2-update.win32_1.5.0.202011040924/tools/bin/../lib/gcc/arm-none-eabi/7.3.1/../../../../arm-none-eabi/lib/thumb/v7e-m/fpv4-sp/hard\libc_nano.a
LOAD c:/st/stm32cubeide_1.4.0/stm32cubeide/plugins/com.st.stm32cube.ide.mcu.externaltools.gnu-tools-for-stm32.7-2018-q2-update.win32_1.5.0.202011040924/tools/bin/../lib/gcc/arm-none-eabi/7.3.1/../../../../arm-none-eabi/lib/thumb/v7e-m/fpv4-sp/hard\libm.a
END GROUP
START GROUP
LOAD c:/st/stm32cubeide_1.4.0/stm32cubeide/plugins/com.st.stm32cube.ide.mcu.externaltools.gnu-tools-for-stm32.7-2018-q2-update.win32_1.5.0.202011040924/tools/bin/../lib/gcc/arm-none-eabi/7.3.1/thumb/v7e-m/fpv4-sp/hard\libgcc.a
LOAD c:/st/stm32cubeide_1.4.0/stm32cubeide/plugins/com.st.stm32cube.ide.mcu.externaltools.gnu-tools-for-stm32.7-2018-q2-update.win32_1.5.0.202011040924/tools/bin/../lib/gcc/arm-none-eabi/7.3.1/../../../../arm-none-eabi/lib/thumb/v7e-m/fpv4-sp/hard\libc_nano.a
END GROUP
START GROUP
LOAD c:/st/stm32cubeide_1.4.0/stm32cubeide/plugins/com.st.stm32cube.ide.mcu.externaltools.gnu-tools-for-stm32.7-2018-q2-update.win32_1.5.0.202011040924/tools/bin/../lib/gcc/arm-none-eabi/7.3.1/thumb/v7e-m/fpv4-sp/hard\libgcc.a
LOAD c:/st/stm32cubeide_1.4.0/stm32cubeide/plugins/com.st.stm32cube.ide.mcu.externaltools.gnu-tools-for-stm32.7-2018-q2-update.win32_1.5.0.202011040924/tools/bin/../lib/gcc/arm-none-eabi/7.3.1/../../../../arm-none-eabi/lib/thumb/v7e-m/fpv4-sp/hard\libc_nano.a
LOAD c:/st/stm32cubeide_1.4.0/stm32cubeide/plugins/com.st.stm32cube.ide.mcu.externaltools.gnu-tools-for-stm32.7-2018-q2-update.win32_1.5.0.202011040924/tools/bin/../lib/gcc/arm-none-eabi/7.3.1/../../../../arm-none-eabi/lib/thumb/v7e-m/fpv4-sp/hard\libnosys.a
END GROUP
START GROUP
LOAD c:/st/stm32cubeide_1.4.0/stm32cubeide/plugins/com.st.stm32cube.ide.mcu.externaltools.gnu-tools-for-stm32.7-2018-q2-update.win32_1.5.0.202011040924/tools/bin/../lib/gcc/arm-none-eabi/7.3.1/thumb/v7e-m/fpv4-sp/hard\libgcc.a
LOAD c:/st/stm32cubeide_1.4.0/stm32cubeide/plugins/com.st.stm32cube.ide.mcu.externaltools.gnu-tools-for-stm32.7-2018-q2-update.win32_1.5.0.202011040924/tools/bin/../lib/gcc/arm-none-eabi/7.3.1/../../../../arm-none-eabi/lib/thumb/v7e-m/fpv4-sp/hard\libc_nano.a
LOAD c:/st/stm32cubeide_1.4.0/stm32cubeide/plugins/com.st.stm32cube.ide.mcu.externaltools.gnu-tools-for-stm32.7-2018-q2-update.win32_1.5.0.202011040924/tools/bin/../lib/gcc/arm-none-eabi/7.3.1/../../../../arm-none-eabi/lib/thumb/v7e-m/fpv4-sp/hard\libnosys.a
END GROUP
LOAD c:/st/stm32cubeide_1.4.0/stm32cubeide/plugins/com.st.stm32cube.ide.mcu.externaltools.gnu-tools-for-stm32.7-2018-q2-update.win32_1.5.0.202011040924/tools/bin/../lib/gcc/arm-none-eabi/7.3.1/thumb/v7e-m/fpv4-sp/hard/crtend.o
LOAD c:/st/stm32cubeide_1.4.0/stm32cubeide/plugins/com.st.stm32cube.ide.mcu.externaltools.gnu-tools-for-stm32.7-2018-q2-update.win32_1.5.0.202011040924/tools/bin/../lib/gcc/arm-none-eabi/7.3.1/thumb/v7e-m/fpv4-sp/hard/crtn.o
                0x0000000020050000                _estack = (ORIGIN (RAM) + LENGTH (RAM))
                0x0000000000002000                _Min_Heap_Size = 0x2000
                0x0000000000004000                _Min_Stack_Size = 0x4000

.isr_vector     0x0000000008000000      0x1c8
                0x0000000008000000                . = ALIGN (0x4)
 *(.isr_vector)
 .isr_vector    0x0000000008000000      0x1c8 Core/Startup/startup_stm32f746nghx.o
                0x0000000008000000                g_pfnVectors
                0x00000000080001c8                . = ALIGN (0x4)

.text           0x00000000080001d0     0x4c98
                0x00000000080001d0                . = ALIGN (0x4)
 *(.text)
 .text          0x00000000080001d0       0x40 c:/st/stm32cubeide_1.4.0/stm32cubeide/plugins/com.st.stm32cube.ide.mcu.externaltools.gnu-tools-for-stm32.7-2018-q2-update.win32_1.5.0.202011040924/tools/bin/../lib/gcc/arm-none-eabi/7.3.1/thumb/v7e-m/fpv4-sp/hard/crtbegin.o
 .text          0x0000000008000210       0x30 c:/st/stm32cubeide_1.4.0/stm32cubeide/plugins/com.st.stm32cube.ide.mcu.externaltools.gnu-tools-for-stm32.7-2018-q2-update.win32_1.5.0.202011040924/tools/bin/../lib/gcc/arm-none-eabi/7.3.1/thumb/v7e-m/fpv4-sp/hard\libgcc.a(_aeabi_uldivmod.o)
                0x0000000008000210                __aeabi_uldivmod
 .text          0x0000000008000240      0x2cc c:/st/stm32cubeide_1.4.0/stm32cubeide/plugins/com.st.stm32cube.ide.mcu.externaltools.gnu-tools-for-stm32.7-2018-q2-update.win32_1.5.0.202011040924/tools/bin/../lib/gcc/arm-none-eabi/7.3.1/thumb/v7e-m/fpv4-sp/hard\libgcc.a(_udivmoddi4.o)
                0x0000000008000240                __udivmoddi4
 .text          0x000000000800050c        0x4 c:/st/stm32cubeide_1.4.0/stm32cubeide/plugins/com.st.stm32cube.ide.mcu.externaltools.gnu-tools-for-stm32.7-2018-q2-update.win32_1.5.0.202011040924/tools/bin/../lib/gcc/arm-none-eabi/7.3.1/thumb/v7e-m/fpv4-sp/hard\libgcc.a(_dvmd_tls.o)
                0x000000000800050c                __aeabi_idiv0
                0x000000000800050c                __aeabi_ldiv0
 *(.text*)
 .text.vApplicationGetIdleTaskMemory
                0x0000000008000510       0x34 Core/Src/freertos.o
                0x0000000008000510                vApplicationGetIdleTaskMemory
 .text.MX_FREERTOS_Init
                0x0000000008000544       0x68 Core/Src/freertos.o
                0x0000000008000544                MX_FREERTOS_Init
 .text.StartTask01
                0x00000000080005ac       0x28 Core/Src/freertos.o
                0x00000000080005ac                StartTask01
 .text.StartTask02
                0x00000000080005d4       0x10 Core/Src/freertos.o
                0x00000000080005d4                StartTask02
 .text.MX_GPIO_Init
                0x00000000080005e4       0x94 Core/Src/gpio.o
                0x00000000080005e4                MX_GPIO_Init
 .text.main     0x0000000008000678       0x20 Core/Src/main.o
                0x0000000008000678                main
 .text.SystemClock_Config
                0x0000000008000698       0xdc Core/Src/main.o
                0x0000000008000698                SystemClock_Config
 .text.HAL_TIM_PeriodElapsedCallback
                0x0000000008000774       0x24 Core/Src/main.o
                0x0000000008000774                HAL_TIM_PeriodElapsedCallback
 .text.Error_Handler
                0x0000000008000798        0x8 Core/Src/main.o
                0x0000000008000798                Error_Handler
 .text.HAL_MspInit
                0x00000000080007a0       0x50 Core/Src/stm32f7xx_hal_msp.o
                0x00000000080007a0                HAL_MspInit
 .text.HAL_InitTick
                0x00000000080007f0       0xb0 Core/Src/stm32f7xx_hal_timebase_tim.o
                0x00000000080007f0                HAL_InitTick
 .text.NMI_Handler
                0x00000000080008a0        0x6 Core/Src/stm32f7xx_it.o
                0x00000000080008a0                NMI_Handler
 .text.HardFault_Handler
                0x00000000080008a6        0x6 Core/Src/stm32f7xx_it.o
                0x00000000080008a6                HardFault_Handler
 .text.MemManage_Handler
                0x00000000080008ac        0x6 Core/Src/stm32f7xx_it.o
                0x00000000080008ac                MemManage_Handler
 .text.BusFault_Handler
                0x00000000080008b2        0x6 Core/Src/stm32f7xx_it.o
                0x00000000080008b2                BusFault_Handler
 .text.UsageFault_Handler
                0x00000000080008b8        0x6 Core/Src/stm32f7xx_it.o
                0x00000000080008b8                UsageFault_Handler
 .text.DebugMon_Handler
                0x00000000080008be        0xe Core/Src/stm32f7xx_it.o
                0x00000000080008be                DebugMon_Handler
 .text.TIM1_UP_TIM10_IRQHandler
                0x00000000080008cc       0x14 Core/Src/stm32f7xx_it.o
                0x00000000080008cc                TIM1_UP_TIM10_IRQHandler
 .text.SystemInit
                0x00000000080008e0       0x2c Core/Src/system_stm32f7xx.o
                0x00000000080008e0                SystemInit
 .text.Reset_Handler
                0x000000000800090c       0x50 Core/Startup/startup_stm32f746nghx.o
                0x000000000800090c                Reset_Handler
 .text.Default_Handler
                0x000000000800095c        0x2 Core/Startup/startup_stm32f746nghx.o
                0x000000000800095c                RTC_Alarm_IRQHandler
                0x000000000800095c                EXTI2_IRQHandler
                0x000000000800095c                TIM8_CC_IRQHandler
                0x000000000800095c                UART8_IRQHandler
                0x000000000800095c                SPI4_IRQHandler
                0x000000000800095c                TIM1_CC_IRQHandler
                0x000000000800095c                DMA2_Stream5_IRQHandler
                0x000000000800095c                DMA1_Stream5_IRQHandler
                0x000000000800095c                PVD_IRQHandler
                0x000000000800095c                TAMP_STAMP_IRQHandler
                0x000000000800095c                CAN2_RX1_IRQHandler
                0x000000000800095c                EXTI3_IRQHandler
                0x000000000800095c                TIM8_TRG_COM_TIM14_IRQHandler
                0x000000000800095c                TIM8_UP_TIM13_IRQHandler
                0x000000000800095c                I2C3_ER_IRQHandler
                0x000000000800095c                EXTI0_IRQHandler
                0x000000000800095c                I2C2_EV_IRQHandler
                0x000000000800095c                DMA1_Stream2_IRQHandler
                0x000000000800095c                CAN1_RX0_IRQHandler
                0x000000000800095c                FPU_IRQHandler
                0x000000000800095c                OTG_HS_WKUP_IRQHandler
                0x000000000800095c                LTDC_ER_IRQHandler
                0x000000000800095c                CAN2_SCE_IRQHandler
                0x000000000800095c                DMA2_Stream2_IRQHandler
                0x000000000800095c                SPI1_IRQHandler
                0x000000000800095c                TIM6_DAC_IRQHandler
                0x000000000800095c                TIM1_BRK_TIM9_IRQHandler
                0x000000000800095c                DCMI_IRQHandler
                0x000000000800095c                CAN2_RX0_IRQHandler
                0x000000000800095c                DMA2_Stream3_IRQHandler
                0x000000000800095c                SAI2_IRQHandler
                0x000000000800095c                USART6_IRQHandler
                0x000000000800095c                USART3_IRQHandler
                0x000000000800095c                CAN1_RX1_IRQHandler
                0x000000000800095c                UART5_IRQHandler
                0x000000000800095c                DMA2_Stream0_IRQHandler
                0x000000000800095c                TIM4_IRQHandler
                0x000000000800095c                QUADSPI_IRQHandler
                0x000000000800095c                I2C1_EV_IRQHandler
                0x000000000800095c                DMA1_Stream6_IRQHandler
                0x000000000800095c                DMA1_Stream1_IRQHandler
                0x000000000800095c                UART4_IRQHandler
                0x000000000800095c                TIM3_IRQHandler
                0x000000000800095c                RCC_IRQHandler
                0x000000000800095c                TIM8_BRK_TIM12_IRQHandler
                0x000000000800095c                Default_Handler
                0x000000000800095c                CEC_IRQHandler
                0x000000000800095c                EXTI15_10_IRQHandler
                0x000000000800095c                ADC_IRQHandler
                0x000000000800095c                DMA1_Stream7_IRQHandler
                0x000000000800095c                SPI5_IRQHandler
                0x000000000800095c                TIM7_IRQHandler
                0x000000000800095c                SDMMC1_IRQHandler
                0x000000000800095c                CAN2_TX_IRQHandler
                0x000000000800095c                TIM5_IRQHandler
                0x000000000800095c                DMA2_Stream7_IRQHandler
                0x000000000800095c                I2C3_EV_IRQHandler
                0x000000000800095c                EXTI9_5_IRQHandler
                0x000000000800095c                RTC_WKUP_IRQHandler
                0x000000000800095c                LTDC_IRQHandler
                0x000000000800095c                ETH_WKUP_IRQHandler
                0x000000000800095c                SPDIF_RX_IRQHandler
                0x000000000800095c                SPI2_IRQHandler
                0x000000000800095c                OTG_HS_EP1_IN_IRQHandler
                0x000000000800095c                DMA1_Stream0_IRQHandler
                0x000000000800095c                CAN1_TX_IRQHandler
                0x000000000800095c                EXTI4_IRQHandler
                0x000000000800095c                RNG_IRQHandler
                0x000000000800095c                ETH_IRQHandler
                0x000000000800095c                OTG_HS_EP1_OUT_IRQHandler
                0x000000000800095c                WWDG_IRQHandler
                0x000000000800095c                SPI6_IRQHandler
                0x000000000800095c                I2C4_EV_IRQHandler
                0x000000000800095c                TIM2_IRQHandler
                0x000000000800095c                OTG_FS_WKUP_IRQHandler
                0x000000000800095c                TIM1_TRG_COM_TIM11_IRQHandler
                0x000000000800095c                OTG_HS_IRQHandler
                0x000000000800095c                DMA2D_IRQHandler
                0x000000000800095c                EXTI1_IRQHandler
                0x000000000800095c                UART7_IRQHandler
                0x000000000800095c                USART2_IRQHandler
                0x000000000800095c                I2C2_ER_IRQHandler
                0x000000000800095c                DMA2_Stream1_IRQHandler
                0x000000000800095c                CAN1_SCE_IRQHandler
                0x000000000800095c                FLASH_IRQHandler
                0x000000000800095c                DMA2_Stream4_IRQHandler
                0x000000000800095c                USART1_IRQHandler
                0x000000000800095c                OTG_FS_IRQHandler
                0x000000000800095c                SPI3_IRQHandler
                0x000000000800095c                DMA1_Stream4_IRQHandler
                0x000000000800095c                I2C1_ER_IRQHandler
                0x000000000800095c                FMC_IRQHandler
                0x000000000800095c                LPTIM1_IRQHandler
                0x000000000800095c                I2C4_ER_IRQHandler
                0x000000000800095c                DMA2_Stream6_IRQHandler
                0x000000000800095c                SAI1_IRQHandler
                0x000000000800095c                DMA1_Stream3_IRQHandler
 *fill*         0x000000000800095e        0x2 
 .text._DoInit  0x0000000008000960       0xa4 Core/Tracealyzer/streamports/SEGGER_RTT.o
 .text._WriteBlocking
                0x0000000008000a04       0xb4 Core/Tracealyzer/streamports/SEGGER_RTT.o
 .text._WriteNoCheck
                0x0000000008000ab8       0x80 Core/Tracealyzer/streamports/SEGGER_RTT.o
 .text._GetAvailWriteSpace
                0x0000000008000b38       0x46 Core/Tracealyzer/streamports/SEGGER_RTT.o
 *fill*         0x0000000008000b7e        0x2 
 .text.SEGGER_RTT_ReadNoLock
                0x0000000008000b80      0x104 Core/Tracealyzer/streamports/SEGGER_RTT.o
                0x0000000008000b80                SEGGER_RTT_ReadNoLock
 .text.SEGGER_RTT_Read
                0x0000000008000c84       0x36 Core/Tracealyzer/streamports/SEGGER_RTT.o
                0x0000000008000c84                SEGGER_RTT_Read
 *fill*         0x0000000008000cba        0x2 
 .text.SEGGER_RTT_WriteNoLock
                0x0000000008000cbc       0x9c Core/Tracealyzer/streamports/SEGGER_RTT.o
                0x0000000008000cbc                SEGGER_RTT_WriteNoLock
 .text.SEGGER_RTT_Write
                0x0000000008000d58       0x48 Core/Tracealyzer/streamports/SEGGER_RTT.o
                0x0000000008000d58                SEGGER_RTT_Write
 .text.SEGGER_RTT_ConfigUpBuffer
                0x0000000008000da0       0xd4 Core/Tracealyzer/streamports/SEGGER_RTT.o
                0x0000000008000da0                SEGGER_RTT_ConfigUpBuffer
 .text.SEGGER_RTT_ConfigDownBuffer
                0x0000000008000e74       0xd4 Core/Tracealyzer/streamports/SEGGER_RTT.o
                0x0000000008000e74                SEGGER_RTT_ConfigDownBuffer
 .text.readFromRTT
                0x0000000008000f48       0x48 Core/Tracealyzer/streamports/trcStreamingPort.o
                0x0000000008000f48                readFromRTT
 .text.writeToRTT
                0x0000000008000f90       0x2e Core/Tracealyzer/streamports/trcStreamingPort.o
                0x0000000008000f90                writeToRTT
 .text.prvTraceGetTaskNumberHigh16
                0x0000000008000fbe       0x1c Core/Tracealyzer/trcKernelPort.o
                0x0000000008000fbe                prvTraceGetTaskNumberHigh16
 .text.prvTraceSetTaskNumberHigh16
                0x0000000008000fda       0x2c Core/Tracealyzer/trcKernelPort.o
                0x0000000008000fda                prvTraceSetTaskNumberHigh16
 *fill*         0x0000000008001006        0x2 
 .text.vTraceEnable
                0x0000000008001008      0x130 Core/Tracealyzer/trcKernelPort.o
                0x0000000008001008                vTraceEnable
 .text.prvTraceGetCurrentTaskHandle
                0x0000000008001138        0xe Core/Tracealyzer/trcKernelPort.o
                0x0000000008001138                prvTraceGetCurrentTaskHandle
 *fill*         0x0000000008001146        0x2 
 .text.prvIsNewTCB
                0x0000000008001148       0x30 Core/Tracealyzer/trcKernelPort.o
                0x0000000008001148                prvIsNewTCB
 .text.prvCheckRecorderStatus
                0x0000000008001178       0x68 Core/Tracealyzer/trcKernelPort.o
 .text.TzCtrl   0x00000000080011e0       0x72 Core/Tracealyzer/trcKernelPort.o
 .text.xTraceRegisterString
                0x0000000008001252       0x3c Core/Tracealyzer/trcStreamingRecorder.o
                0x0000000008001252                xTraceRegisterString
 .text.vTraceStop
                0x000000000800128e        0xe Core/Tracealyzer/trcStreamingRecorder.o
                0x000000000800128e                vTraceStop
 .text.xTraceIsRecordingEnabled
                0x000000000800129c       0x18 Core/Tracealyzer/trcStreamingRecorder.o
                0x000000000800129c                xTraceIsRecordingEnabled
 .text.prvSetRecorderEnabled
                0x00000000080012b4       0x78 Core/Tracealyzer/trcStreamingRecorder.o
 .text.prvTraceStoreStartEvent
                0x000000000800132c       0xf4 Core/Tracealyzer/trcStreamingRecorder.o
 .text.prvTraceStoreTSConfig
                0x0000000008001420       0xd0 Core/Tracealyzer/trcStreamingRecorder.o
 .text.prvTraceStoreSymbolTable
                0x00000000080014f0       0xd4 Core/Tracealyzer/trcStreamingRecorder.o
 .text.prvTraceStoreObjectDataTable
                0x00000000080015c4       0xd0 Core/Tracealyzer/trcStreamingRecorder.o
 .text.prvTraceStoreHeader
                0x0000000008001694       0xdc Core/Tracealyzer/trcStreamingRecorder.o
 .text.prvTraceStoreExtensionInfo
                0x0000000008001770       0x98 Core/Tracealyzer/trcStreamingRecorder.o
 .text.prvTraceGetError
                0x0000000008001808       0xcc Core/Tracealyzer/trcStreamingRecorder.o
 .text.prvTraceStoreEvent1
                0x00000000080018d4       0xa8 Core/Tracealyzer/trcStreamingRecorder.o
                0x00000000080018d4                prvTraceStoreEvent1
 .text.prvTraceStoreEvent2
                0x000000000800197c       0xb0 Core/Tracealyzer/trcStreamingRecorder.o
                0x000000000800197c                prvTraceStoreEvent2
 .text.prvTraceStoreStringEvent
                0x0000000008001a2c       0x54 Core/Tracealyzer/trcStreamingRecorder.o
                0x0000000008001a2c                prvTraceStoreStringEvent
 .text.prvTraceStoreStringEventHelper
                0x0000000008001a80      0x1c4 Core/Tracealyzer/trcStreamingRecorder.o
 .text.prvTraceStoreSimpleStringEventHelper
                0x0000000008001c44      0x1cc Core/Tracealyzer/trcStreamingRecorder.o
                0x0000000008001c44                prvTraceStoreSimpleStringEventHelper
 .text.prvTraceSaveSymbol
                0x0000000008001e10       0x58 Core/Tracealyzer/trcStreamingRecorder.o
                0x0000000008001e10                prvTraceSaveSymbol
 .text.prvTraceSaveObjectSymbol
                0x0000000008001e68       0xdc Core/Tracealyzer/trcStreamingRecorder.o
                0x0000000008001e68                prvTraceSaveObjectSymbol
 .text.prvTraceSaveObjectData
                0x0000000008001f44       0xbc Core/Tracealyzer/trcStreamingRecorder.o
                0x0000000008001f44                prvTraceSaveObjectData
 .text.prvIsValidCommand
                0x0000000008002000       0x82 Core/Tracealyzer/trcStreamingRecorder.o
                0x0000000008002000                prvIsValidCommand
 .text.prvProcessCommand
                0x0000000008002082       0x26 Core/Tracealyzer/trcStreamingRecorder.o
                0x0000000008002082                prvProcessCommand
 .text.prvTraceWarning
                0x00000000080020a8       0x5c Core/Tracealyzer/trcStreamingRecorder.o
                0x00000000080020a8                prvTraceWarning
 .text.prvTraceError
                0x0000000008002104       0x74 Core/Tracealyzer/trcStreamingRecorder.o
                0x0000000008002104                prvTraceError
 .text.prvTraceInitCortexM
                0x0000000008002178       0x64 Core/Tracealyzer/trcStreamingRecorder.o
                0x0000000008002178                prvTraceInitCortexM
 .text.prvGetTimestamp32
                0x00000000080021dc       0x18 Core/Tracealyzer/trcStreamingRecorder.o
 .text.HAL_Init
                0x00000000080021f4       0x1a Drivers/STM32F7xx_HAL_Driver/Src/stm32f7xx_hal.o
                0x00000000080021f4                HAL_Init
 *fill*         0x000000000800220e        0x2 
 .text.HAL_IncTick
                0x0000000008002210       0x28 Drivers/STM32F7xx_HAL_Driver/Src/stm32f7xx_hal.o
                0x0000000008002210                HAL_IncTick
 .text.HAL_GetTick
                0x0000000008002238       0x18 Drivers/STM32F7xx_HAL_Driver/Src/stm32f7xx_hal.o
                0x0000000008002238                HAL_GetTick
 .text.__NVIC_SetPriorityGrouping
                0x0000000008002250       0x48 Drivers/STM32F7xx_HAL_Driver/Src/stm32f7xx_hal_cortex.o
 .text.__NVIC_GetPriorityGrouping
                0x0000000008002298       0x1c Drivers/STM32F7xx_HAL_Driver/Src/stm32f7xx_hal_cortex.o
 .text.__NVIC_EnableIRQ
                0x00000000080022b4       0x3c Drivers/STM32F7xx_HAL_Driver/Src/stm32f7xx_hal_cortex.o
 .text.__NVIC_SetPriority
                0x00000000080022f0       0x54 Drivers/STM32F7xx_HAL_Driver/Src/stm32f7xx_hal_cortex.o
 .text.NVIC_EncodePriority
                0x0000000008002344       0x66 Drivers/STM32F7xx_HAL_Driver/Src/stm32f7xx_hal_cortex.o
 .text.HAL_NVIC_SetPriorityGrouping
                0x00000000080023aa       0x16 Drivers/STM32F7xx_HAL_Driver/Src/stm32f7xx_hal_cortex.o
                0x00000000080023aa                HAL_NVIC_SetPriorityGrouping
 .text.HAL_NVIC_SetPriority
                0x00000000080023c0       0x38 Drivers/STM32F7xx_HAL_Driver/Src/stm32f7xx_hal_cortex.o
                0x00000000080023c0                HAL_NVIC_SetPriority
 .text.HAL_NVIC_EnableIRQ
                0x00000000080023f8       0x1c Drivers/STM32F7xx_HAL_Driver/Src/stm32f7xx_hal_cortex.o
                0x00000000080023f8                HAL_NVIC_EnableIRQ
 .text.HAL_GPIO_Init
                0x0000000008002414      0x354 Drivers/STM32F7xx_HAL_Driver/Src/stm32f7xx_hal_gpio.o
                0x0000000008002414                HAL_GPIO_Init
 .text.HAL_GPIO_WritePin
                0x0000000008002768       0x32 Drivers/STM32F7xx_HAL_Driver/Src/stm32f7xx_hal_gpio.o
                0x0000000008002768                HAL_GPIO_WritePin
 .text.HAL_GPIO_TogglePin
                0x000000000800279a       0x34 Drivers/STM32F7xx_HAL_Driver/Src/stm32f7xx_hal_gpio.o
                0x000000000800279a                HAL_GPIO_TogglePin
 *fill*         0x00000000080027ce        0x2 
 .text.HAL_PWREx_EnableOverDrive
                0x00000000080027d0       0xa0 Drivers/STM32F7xx_HAL_Driver/Src/stm32f7xx_hal_pwr_ex.o
                0x00000000080027d0                HAL_PWREx_EnableOverDrive
 .text.HAL_RCC_OscConfig
                0x0000000008002870      0x548 Drivers/STM32F7xx_HAL_Driver/Src/stm32f7xx_hal_rcc.o
                0x0000000008002870                HAL_RCC_OscConfig
 .text.HAL_RCC_ClockConfig
                0x0000000008002db8      0x1d8 Drivers/STM32F7xx_HAL_Driver/Src/stm32f7xx_hal_rcc.o
                0x0000000008002db8                HAL_RCC_ClockConfig
 .text.HAL_RCC_GetSysClockFreq
                0x0000000008002f90      0x164 Drivers/STM32F7xx_HAL_Driver/Src/stm32f7xx_hal_rcc.o
                0x0000000008002f90                HAL_RCC_GetSysClockFreq
 .text.HAL_RCC_GetHCLKFreq
                0x00000000080030f4       0x18 Drivers/STM32F7xx_HAL_Driver/Src/stm32f7xx_hal_rcc.o
                0x00000000080030f4                HAL_RCC_GetHCLKFreq
 .text.HAL_RCC_GetPCLK2Freq
                0x000000000800310c       0x28 Drivers/STM32F7xx_HAL_Driver/Src/stm32f7xx_hal_rcc.o
                0x000000000800310c                HAL_RCC_GetPCLK2Freq
 .text.HAL_RCC_GetClockConfig
                0x0000000008003134       0x64 Drivers/STM32F7xx_HAL_Driver/Src/stm32f7xx_hal_rcc.o
                0x0000000008003134                HAL_RCC_GetClockConfig
 .text.HAL_TIM_Base_Init
                0x0000000008003198       0x56 Drivers/STM32F7xx_HAL_Driver/Src/stm32f7xx_hal_tim.o
                0x0000000008003198                HAL_TIM_Base_Init
 .text.HAL_TIM_Base_MspInit
                0x00000000080031ee       0x14 Drivers/STM32F7xx_HAL_Driver/Src/stm32f7xx_hal_tim.o
                0x00000000080031ee                HAL_TIM_Base_MspInit
 *fill*         0x0000000008003202        0x2 
 .text.HAL_TIM_Base_Start_IT
                0x0000000008003204       0x54 Drivers/STM32F7xx_HAL_Driver/Src/stm32f7xx_hal_tim.o
                0x0000000008003204                HAL_TIM_Base_Start_IT
 .text.HAL_TIM_IRQHandler
                0x0000000008003258      0x23e Drivers/STM32F7xx_HAL_Driver/Src/stm32f7xx_hal_tim.o
                0x0000000008003258                HAL_TIM_IRQHandler
 .text.HAL_TIM_OC_DelayElapsedCallback
                0x0000000008003496       0x14 Drivers/STM32F7xx_HAL_Driver/Src/stm32f7xx_hal_tim.o
                0x0000000008003496                HAL_TIM_OC_DelayElapsedCallback
 .text.HAL_TIM_IC_CaptureCallback
                0x00000000080034aa       0x14 Drivers/STM32F7xx_HAL_Driver/Src/stm32f7xx_hal_tim.o
                0x00000000080034aa                HAL_TIM_IC_CaptureCallback
 .text.HAL_TIM_PWM_PulseFinishedCallback
                0x00000000080034be       0x14 Drivers/STM32F7xx_HAL_Driver/Src/stm32f7xx_hal_tim.o
                0x00000000080034be                HAL_TIM_PWM_PulseFinishedCallback
 .text.HAL_TIM_TriggerCallback
                0x00000000080034d2       0x14 Drivers/STM32F7xx_HAL_Driver/Src/stm32f7xx_hal_tim.o
                0x00000000080034d2                HAL_TIM_TriggerCallback
 *fill*         0x00000000080034e6        0x2 
 .text.TIM_Base_SetConfig
                0x00000000080034e8      0x140 Drivers/STM32F7xx_HAL_Driver/Src/stm32f7xx_hal_tim.o
                0x00000000080034e8                TIM_Base_SetConfig
 .text.HAL_TIMEx_CommutCallback
                0x0000000008003628       0x14 Drivers/STM32F7xx_HAL_Driver/Src/stm32f7xx_hal_tim_ex.o
                0x0000000008003628                HAL_TIMEx_CommutCallback
 .text.HAL_TIMEx_BreakCallback
                0x000000000800363c       0x14 Drivers/STM32F7xx_HAL_Driver/Src/stm32f7xx_hal_tim_ex.o
                0x000000000800363c                HAL_TIMEx_BreakCallback
 .text.HAL_TIMEx_Break2Callback
                0x0000000008003650       0x14 Drivers/STM32F7xx_HAL_Driver/Src/stm32f7xx_hal_tim_ex.o
                0x0000000008003650                HAL_TIMEx_Break2Callback
 .text.makeFreeRtosPriority
                0x0000000008003664       0x30 Middlewares/Third_Party/FreeRTOS/Source/CMSIS_RTOS/cmsis_os.o
 .text.osKernelStart
                0x0000000008003694        0xe Middlewares/Third_Party/FreeRTOS/Source/CMSIS_RTOS/cmsis_os.o
                0x0000000008003694                osKernelStart
 .text.osThreadCreate
                0x00000000080036a2       0x98 Middlewares/Third_Party/FreeRTOS/Source/CMSIS_RTOS/cmsis_os.o
                0x00000000080036a2                osThreadCreate
 .text.osDelay  0x000000000800373a       0x28 Middlewares/Third_Party/FreeRTOS/Source/CMSIS_RTOS/cmsis_os.o
                0x000000000800373a                osDelay
 .text.vListInitialise
                0x0000000008003762       0x40 Middlewares/Third_Party/FreeRTOS/Source/list.o
                0x0000000008003762                vListInitialise
 .text.vListInitialiseItem
                0x00000000080037a2       0x1a Middlewares/Third_Party/FreeRTOS/Source/list.o
                0x00000000080037a2                vListInitialiseItem
 .text.vListInsertEnd
                0x00000000080037bc       0x48 Middlewares/Third_Party/FreeRTOS/Source/list.o
                0x00000000080037bc                vListInsertEnd
 .text.vListInsert
                0x0000000008003804       0x72 Middlewares/Third_Party/FreeRTOS/Source/list.o
                0x0000000008003804                vListInsert
 .text.uxListRemove
                0x0000000008003876       0x54 Middlewares/Third_Party/FreeRTOS/Source/list.o
                0x0000000008003876                uxListRemove
 .text.xTaskCreateStatic
                0x00000000080038ca       0xc0 Middlewares/Third_Party/FreeRTOS/Source/tasks.o
                0x00000000080038ca                xTaskCreateStatic
 .text.xTaskCreate
                0x000000000800398a       0x8a Middlewares/Third_Party/FreeRTOS/Source/tasks.o
                0x000000000800398a                xTaskCreate
 .text.prvInitialiseNewTask
                0x0000000008003a14      0x120 Middlewares/Third_Party/FreeRTOS/Source/tasks.o
 .text.prvAddNewTaskToReadyList
                0x0000000008003b34      0x180 Middlewares/Third_Party/FreeRTOS/Source/tasks.o
 .text.vTaskDelay
                0x0000000008003cb4       0x94 Middlewares/Third_Party/FreeRTOS/Source/tasks.o
                0x0000000008003cb4                vTaskDelay
 .text.vTaskStartScheduler
                0x0000000008003d48      0x11c Middlewares/Third_Party/FreeRTOS/Source/tasks.o
                0x0000000008003d48                vTaskStartScheduler
 .text.vTaskSuspendAll
                0x0000000008003e64       0x1c Middlewares/Third_Party/FreeRTOS/Source/tasks.o
                0x0000000008003e64                vTaskSuspendAll
 .text.xTaskResumeAll
                0x0000000008003e80      0x160 Middlewares/Third_Party/FreeRTOS/Source/tasks.o
                0x0000000008003e80                xTaskResumeAll
 .text.xTaskIncrementTick
                0x0000000008003fe0      0x1b4 Middlewares/Third_Party/FreeRTOS/Source/tasks.o
                0x0000000008003fe0                xTaskIncrementTick
 .text.vTaskSwitchContext
                0x0000000008004194      0x108 Middlewares/Third_Party/FreeRTOS/Source/tasks.o
                0x0000000008004194                vTaskSwitchContext
 .text.uxTaskGetTaskNumber
                0x000000000800429c       0x2c Middlewares/Third_Party/FreeRTOS/Source/tasks.o
                0x000000000800429c                uxTaskGetTaskNumber
 .text.vTaskSetTaskNumber
                0x00000000080042c8       0x26 Middlewares/Third_Party/FreeRTOS/Source/tasks.o
                0x00000000080042c8                vTaskSetTaskNumber
 *fill*         0x00000000080042ee        0x2 
 .text.prvIdleTask
                0x00000000080042f0       0x30 Middlewares/Third_Party/FreeRTOS/Source/tasks.o
 .text.prvInitialiseTaskLists
                0x0000000008004320       0x80 Middlewares/Third_Party/FreeRTOS/Source/tasks.o
 .text.prvCheckTasksWaitingTermination
                0x00000000080043a0       0x58 Middlewares/Third_Party/FreeRTOS/Source/tasks.o
 .text.prvDeleteTCB
                0x00000000080043f8       0x60 Middlewares/Third_Party/FreeRTOS/Source/tasks.o
 .text.prvResetNextTaskUnblockTime
                0x0000000008004458       0x40 Middlewares/Third_Party/FreeRTOS/Source/tasks.o
 .text.xTaskGetCurrentTaskHandle
                0x0000000008004498       0x20 Middlewares/Third_Party/FreeRTOS/Source/tasks.o
                0x0000000008004498                xTaskGetCurrentTaskHandle
 .text.prvAddCurrentTaskToDelayedList
                0x00000000080044b8       0xcc Middlewares/Third_Party/FreeRTOS/Source/tasks.o
 .text.pxPortInitialiseStack
                0x0000000008004584       0x68 Middlewares/Third_Party/FreeRTOS/Source/portable/GCC/ARM_CM7/r0p1/port.o
                0x0000000008004584                pxPortInitialiseStack
 .text.prvTaskExitError
                0x00000000080045ec       0x5c Middlewares/Third_Party/FreeRTOS/Source/portable/GCC/ARM_CM7/r0p1/port.o
 *fill*         0x0000000008004648        0x8 
 .text.SVC_Handler
                0x0000000008004650       0x28 Middlewares/Third_Party/FreeRTOS/Source/portable/GCC/ARM_CM7/r0p1/port.o
                0x0000000008004650                SVC_Handler
 .text.prvPortStartFirstTask
                0x0000000008004678       0x28 Middlewares/Third_Party/FreeRTOS/Source/portable/GCC/ARM_CM7/r0p1/port.o
 .text.xPortStartScheduler
                0x00000000080046a0      0x11c Middlewares/Third_Party/FreeRTOS/Source/portable/GCC/ARM_CM7/r0p1/port.o
                0x00000000080046a0                xPortStartScheduler
 .text.vPortEnterCritical
                0x00000000080047bc       0x64 Middlewares/Third_Party/FreeRTOS/Source/portable/GCC/ARM_CM7/r0p1/port.o
                0x00000000080047bc                vPortEnterCritical
 .text.vPortExitCritical
                0x0000000008004820       0x54 Middlewares/Third_Party/FreeRTOS/Source/portable/GCC/ARM_CM7/r0p1/port.o
                0x0000000008004820                vPortExitCritical
 *fill*         0x0000000008004874        0xc 
 .text.PendSV_Handler
                0x0000000008004880       0x68 Middlewares/Third_Party/FreeRTOS/Source/portable/GCC/ARM_CM7/r0p1/port.o
                0x0000000008004880                PendSV_Handler
 .text.SysTick_Handler
                0x00000000080048e8       0x44 Middlewares/Third_Party/FreeRTOS/Source/portable/GCC/ARM_CM7/r0p1/port.o
                0x00000000080048e8                SysTick_Handler
 .text.vPortSetupTimerInterrupt
                0x000000000800492c       0x48 Middlewares/Third_Party/FreeRTOS/Source/portable/GCC/ARM_CM7/r0p1/port.o
                0x000000000800492c                vPortSetupTimerInterrupt
 .text.vPortEnableVFP
                0x0000000008004974       0x14 Middlewares/Third_Party/FreeRTOS/Source/portable/GCC/ARM_CM7/r0p1/port.o
 .text.pvPortMalloc
                0x0000000008004988      0x1e4 Middlewares/Third_Party/FreeRTOS/Source/portable/MemMang/heap_4.o
                0x0000000008004988                pvPortMalloc
 .text.vPortFree
                0x0000000008004b6c       0xfc Middlewares/Third_Party/FreeRTOS/Source/portable/MemMang/heap_4.o
                0x0000000008004b6c                vPortFree
 .text.prvHeapInit
                0x0000000008004c68       0xc4 Middlewares/Third_Party/FreeRTOS/Source/portable/MemMang/heap_4.o
 .text.prvInsertBlockIntoFreeList
                0x0000000008004d2c       0xb4 Middlewares/Third_Party/FreeRTOS/Source/portable/MemMang/heap_4.o
 .text.__libc_init_array
                0x0000000008004de0       0x48 c:/st/stm32cubeide_1.4.0/stm32cubeide/plugins/com.st.stm32cube.ide.mcu.externaltools.gnu-tools-for-stm32.7-2018-q2-update.win32_1.5.0.202011040924/tools/bin/../lib/gcc/arm-none-eabi/7.3.1/../../../../arm-none-eabi/lib/thumb/v7e-m/fpv4-sp/hard\libc_nano.a(lib_a-init.o)
                0x0000000008004de0                __libc_init_array
 .text.memcpy   0x0000000008004e28       0x16 c:/st/stm32cubeide_1.4.0/stm32cubeide/plugins/com.st.stm32cube.ide.mcu.externaltools.gnu-tools-for-stm32.7-2018-q2-update.win32_1.5.0.202011040924/tools/bin/../lib/gcc/arm-none-eabi/7.3.1/../../../../arm-none-eabi/lib/thumb/v7e-m/fpv4-sp/hard\libc_nano.a(lib_a-memcpy-stub.o)
                0x0000000008004e28                memcpy
 .text.memset   0x0000000008004e3e       0x10 c:/st/stm32cubeide_1.4.0/stm32cubeide/plugins/com.st.stm32cube.ide.mcu.externaltools.gnu-tools-for-stm32.7-2018-q2-update.win32_1.5.0.202011040924/tools/bin/../lib/gcc/arm-none-eabi/7.3.1/../../../../arm-none-eabi/lib/thumb/v7e-m/fpv4-sp/hard\libc_nano.a(lib_a-memset.o)
                0x0000000008004e3e                memset
 *(.glue_7)
 .glue_7        0x0000000008004e4e        0x0 linker stubs
 *(.glue_7t)
 .glue_7t       0x0000000008004e4e        0x0 linker stubs
 *(.eh_frame)
 *fill*         0x0000000008004e4e        0x2 
 .eh_frame      0x0000000008004e50        0x0 c:/st/stm32cubeide_1.4.0/stm32cubeide/plugins/com.st.stm32cube.ide.mcu.externaltools.gnu-tools-for-stm32.7-2018-q2-update.win32_1.5.0.202011040924/tools/bin/../lib/gcc/arm-none-eabi/7.3.1/thumb/v7e-m/fpv4-sp/hard/crtbegin.o
 *(.init)
 .init          0x0000000008004e50        0x4 c:/st/stm32cubeide_1.4.0/stm32cubeide/plugins/com.st.stm32cube.ide.mcu.externaltools.gnu-tools-for-stm32.7-2018-q2-update.win32_1.5.0.202011040924/tools/bin/../lib/gcc/arm-none-eabi/7.3.1/thumb/v7e-m/fpv4-sp/hard/crti.o
                0x0000000008004e50                _init
 .init          0x0000000008004e54        0x8 c:/st/stm32cubeide_1.4.0/stm32cubeide/plugins/com.st.stm32cube.ide.mcu.externaltools.gnu-tools-for-stm32.7-2018-q2-update.win32_1.5.0.202011040924/tools/bin/../lib/gcc/arm-none-eabi/7.3.1/thumb/v7e-m/fpv4-sp/hard/crtn.o
 *(.fini)
 .fini          0x0000000008004e5c        0x4 c:/st/stm32cubeide_1.4.0/stm32cubeide/plugins/com.st.stm32cube.ide.mcu.externaltools.gnu-tools-for-stm32.7-2018-q2-update.win32_1.5.0.202011040924/tools/bin/../lib/gcc/arm-none-eabi/7.3.1/thumb/v7e-m/fpv4-sp/hard/crti.o
                0x0000000008004e5c                _fini
 .fini          0x0000000008004e60        0x8 c:/st/stm32cubeide_1.4.0/stm32cubeide/plugins/com.st.stm32cube.ide.mcu.externaltools.gnu-tools-for-stm32.7-2018-q2-update.win32_1.5.0.202011040924/tools/bin/../lib/gcc/arm-none-eabi/7.3.1/thumb/v7e-m/fpv4-sp/hard/crtn.o
                0x0000000008004e68                . = ALIGN (0x4)
                0x0000000008004e68                _etext = .

.vfp11_veneer   0x0000000008004e68        0x0
 .vfp11_veneer  0x0000000008004e68        0x0 linker stubs

.v4_bx          0x0000000008004e68        0x0
 .v4_bx         0x0000000008004e68        0x0 linker stubs

.iplt           0x0000000008004e68        0x0
 .iplt          0x0000000008004e68        0x0 c:/st/stm32cubeide_1.4.0/stm32cubeide/plugins/com.st.stm32cube.ide.mcu.externaltools.gnu-tools-for-stm32.7-2018-q2-update.win32_1.5.0.202011040924/tools/bin/../lib/gcc/arm-none-eabi/7.3.1/thumb/v7e-m/fpv4-sp/hard/crtbegin.o

.rodata         0x0000000008004e68      0x33c
                0x0000000008004e68                . = ALIGN (0x4)
 *(.rodata)
 .rodata        0x0000000008004e68       0x48 Core/Src/freertos.o
 .rodata        0x0000000008004eb0       0x17 Core/Tracealyzer/streamports/SEGGER_RTT.o
 *fill*         0x0000000008004ec7        0x1 
 .rodata        0x0000000008004ec8       0x15 Core/Tracealyzer/trcKernelPort.o
 *fill*         0x0000000008004edd        0x3 
 .rodata        0x0000000008004ee0      0x2a4 Core/Tracealyzer/trcStreamingRecorder.o
 .rodata        0x0000000008005184        0x5 Middlewares/Third_Party/FreeRTOS/Source/tasks.o
 *(.rodata*)
 *fill*         0x0000000008005189        0x3 
 .rodata.AHBPrescTable
                0x000000000800518c       0x10 Core/Src/system_stm32f7xx.o
                0x000000000800518c                AHBPrescTable
 .rodata.APBPrescTable
                0x000000000800519c        0x8 Core/Src/system_stm32f7xx.o
                0x000000000800519c                APBPrescTable
                0x00000000080051a4                . = ALIGN (0x4)

.ARM.extab      0x00000000080051a4        0x0
                0x00000000080051a4                . = ALIGN (0x4)
 *(.ARM.extab* .gnu.linkonce.armextab.*)
                0x00000000080051a4                . = ALIGN (0x4)

.ARM            0x00000000080051a4        0x8
                0x00000000080051a4                . = ALIGN (0x4)
                0x00000000080051a4                __exidx_start = .
 *(.ARM.exidx*)
 .ARM.exidx     0x00000000080051a4        0x8 c:/st/stm32cubeide_1.4.0/stm32cubeide/plugins/com.st.stm32cube.ide.mcu.externaltools.gnu-tools-for-stm32.7-2018-q2-update.win32_1.5.0.202011040924/tools/bin/../lib/gcc/arm-none-eabi/7.3.1/thumb/v7e-m/fpv4-sp/hard\libgcc.a(_udivmoddi4.o)
                0x00000000080051ac                __exidx_end = .
                0x00000000080051ac                . = ALIGN (0x4)

.rel.dyn        0x00000000080051ac        0x0
 .rel.iplt      0x00000000080051ac        0x0 c:/st/stm32cubeide_1.4.0/stm32cubeide/plugins/com.st.stm32cube.ide.mcu.externaltools.gnu-tools-for-stm32.7-2018-q2-update.win32_1.5.0.202011040924/tools/bin/../lib/gcc/arm-none-eabi/7.3.1/thumb/v7e-m/fpv4-sp/hard/crtbegin.o

.preinit_array  0x00000000080051ac        0x0
                0x00000000080051ac                . = ALIGN (0x4)
                0x00000000080051ac                PROVIDE (__preinit_array_start = .)
 *(.preinit_array*)
                0x00000000080051ac                PROVIDE (__preinit_array_end = .)
                0x00000000080051ac                . = ALIGN (0x4)

.init_array     0x00000000080051ac        0x4
                0x00000000080051ac                . = ALIGN (0x4)
                0x00000000080051ac                PROVIDE (__init_array_start = .)
 *(SORT_BY_NAME(.init_array.*))
 *(.init_array*)
 .init_array    0x00000000080051ac        0x4 c:/st/stm32cubeide_1.4.0/stm32cubeide/plugins/com.st.stm32cube.ide.mcu.externaltools.gnu-tools-for-stm32.7-2018-q2-update.win32_1.5.0.202011040924/tools/bin/../lib/gcc/arm-none-eabi/7.3.1/thumb/v7e-m/fpv4-sp/hard/crtbegin.o
                0x00000000080051b0                PROVIDE (__init_array_end = .)
                0x00000000080051b0                . = ALIGN (0x4)

.fini_array     0x00000000080051b0        0x4
                0x00000000080051b0                . = ALIGN (0x4)
                [!provide]                        PROVIDE (__fini_array_start = .)
 *(SORT_BY_NAME(.fini_array.*))
 *(.fini_array*)
 .fini_array    0x00000000080051b0        0x4 c:/st/stm32cubeide_1.4.0/stm32cubeide/plugins/com.st.stm32cube.ide.mcu.externaltools.gnu-tools-for-stm32.7-2018-q2-update.win32_1.5.0.202011040924/tools/bin/../lib/gcc/arm-none-eabi/7.3.1/thumb/v7e-m/fpv4-sp/hard/crtbegin.o
                [!provide]                        PROVIDE (__fini_array_end = .)
                0x00000000080051b4                . = ALIGN (0x4)
                0x00000000080051b4                _sidata = LOADADDR (.data)

.data           0x0000000020000000       0x24 load address 0x00000000080051b4
                0x0000000020000000                . = ALIGN (0x4)
                0x0000000020000000                _sdata = .
 *(.data)
 *(.data*)
 .data.SystemCoreClock
                0x0000000020000000        0x4 Core/Src/system_stm32f7xx.o
                0x0000000020000000                SystemCoreClock
 .data.ISR_stack_index
                0x0000000020000004        0x1 Core/Tracealyzer/trcStreamingRecorder.o
 *fill*         0x0000000020000005        0x3 
 .data.PSFEndianessIdentifier
                0x0000000020000008        0x4 Core/Tracealyzer/trcStreamingRecorder.o
 .data.FormatVersion
                0x000000002000000c        0x2 Core/Tracealyzer/trcStreamingRecorder.o
 *fill*         0x000000002000000e        0x2 
 .data.PSFExtensionInfo
                0x0000000020000010        0x4 Core/Tracealyzer/trcStreamingRecorder.o
                0x0000000020000010                PSFExtensionInfo
 .data.CurrentFilterMask
                0x0000000020000014        0x2 Core/Tracealyzer/trcStreamingRecorder.o
                0x0000000020000014                CurrentFilterMask
 .data.CurrentFilterGroup
                0x0000000020000016        0x2 Core/Tracealyzer/trcStreamingRecorder.o
                0x0000000020000016                CurrentFilterGroup
 .data.uwTickPrio
                0x0000000020000018        0x4 Drivers/STM32F7xx_HAL_Driver/Src/stm32f7xx_hal.o
                0x0000000020000018                uwTickPrio
 .data.uwTickFreq
                0x000000002000001c        0x1 Drivers/STM32F7xx_HAL_Driver/Src/stm32f7xx_hal.o
                0x000000002000001c                uwTickFreq
 *fill*         0x000000002000001d        0x3 
 .data.uxCriticalNesting
                0x0000000020000020        0x4 Middlewares/Third_Party/FreeRTOS/Source/portable/GCC/ARM_CM7/r0p1/port.o
 *(.RamFunc)
 *(.RamFunc*)
                0x0000000020000024                . = ALIGN (0x4)
                0x0000000020000024                _edata = .

.igot.plt       0x0000000020000024        0x0 load address 0x00000000080051d8
 .igot.plt      0x0000000020000024        0x0 c:/st/stm32cubeide_1.4.0/stm32cubeide/plugins/com.st.stm32cube.ide.mcu.externaltools.gnu-tools-for-stm32.7-2018-q2-update.win32_1.5.0.202011040924/tools/bin/../lib/gcc/arm-none-eabi/7.3.1/thumb/v7e-m/fpv4-sp/hard/crtbegin.o
                0x0000000020000024                . = ALIGN (0x4)

.bss            0x0000000020000024     0x6594 load address 0x00000000080051d8
                0x0000000020000024                _sbss = .
                0x0000000020000024                __bss_start__ = _sbss
 *(.bss)
 .bss           0x0000000020000024       0x1c c:/st/stm32cubeide_1.4.0/stm32cubeide/plugins/com.st.stm32cube.ide.mcu.externaltools.gnu-tools-for-stm32.7-2018-q2-update.win32_1.5.0.202011040924/tools/bin/../lib/gcc/arm-none-eabi/7.3.1/thumb/v7e-m/fpv4-sp/hard/crtbegin.o
 *(.bss*)
 .bss.xIdleTaskTCBBuffer
                0x0000000020000040       0x5c Core/Src/freertos.o
 .bss.xIdleStack
                0x000000002000009c      0x400 Core/Src/freertos.o
 .bss._acUpBuffer
                0x000000002000049c       0x40 Core/Tracealyzer/streamports/SEGGER_RTT.o
 .bss._acDownBuffer
                0x00000000200004dc       0x10 Core/Tracealyzer/streamports/SEGGER_RTT.o
 .bss.HandleTzCtrl
                0x00000000200004ec        0x4 Core/Tracealyzer/trcKernelPort.o
 .bss.stackTzCtrl
                0x00000000200004f0      0x800 Core/Tracealyzer/trcKernelPort.o
 .bss.tcbTzCtrl
                0x0000000020000cf0       0x5c Core/Tracealyzer/trcKernelPort.o
 .bss.pCurrentTCB
                0x0000000020000d4c        0x4 Core/Tracealyzer/trcKernelPort.o
 .bss._TzCtrlData
                0x0000000020000d50       0x20 Core/Tracealyzer/trcKernelPort.o
 .bss.trcHeapCounter
                0x0000000020000d70        0x4 Core/Tracealyzer/trcStreamingRecorder.o
                0x0000000020000d70                trcHeapCounter
 .bss.ErrorAndWarningFlags
                0x0000000020000d74        0x4 Core/Tracealyzer/trcStreamingRecorder.o
 .bss.symbolTable
                0x0000000020000d78      0x500 Core/Tracealyzer/trcStreamingRecorder.o
 .bss.firstFreeSymbolTableIndex
                0x0000000020001278        0x4 Core/Tracealyzer/trcStreamingRecorder.o
 .bss.objectDataTable
                0x000000002000127c      0x140 Core/Tracealyzer/trcStreamingRecorder.o
 .bss.firstFreeObjectDataTableIndex
                0x00000000200013bc        0x4 Core/Tracealyzer/trcStreamingRecorder.o
 .bss.errorCode
                0x00000000200013c0        0x4 Core/Tracealyzer/trcStreamingRecorder.o
 .bss.SessionCounter
                0x00000000200013c4        0x4 Core/Tracealyzer/trcStreamingRecorder.o
 .bss.RecorderEnabled
                0x00000000200013c8        0x4 Core/Tracealyzer/trcStreamingRecorder.o
                0x00000000200013c8                RecorderEnabled
 .bss.eventCounter
                0x00000000200013cc        0x4 Core/Tracealyzer/trcStreamingRecorder.o
 .bss.uiTraceTickCount
                0x00000000200013d0        0x4 Core/Tracealyzer/trcStreamingRecorder.o
                0x00000000200013d0                uiTraceTickCount
 .bss.timestampFrequency
                0x00000000200013d4        0x4 Core/Tracealyzer/trcStreamingRecorder.o
                0x00000000200013d4                timestampFrequency
 .bss.NoRoomForSymbol
                0x00000000200013d8        0x4 Core/Tracealyzer/trcStreamingRecorder.o
                0x00000000200013d8                NoRoomForSymbol
 .bss.NoRoomForObjectData
                0x00000000200013dc        0x4 Core/Tracealyzer/trcStreamingRecorder.o
                0x00000000200013dc                NoRoomForObjectData
 .bss.LongestSymbolName
                0x00000000200013e0        0x4 Core/Tracealyzer/trcStreamingRecorder.o
                0x00000000200013e0                LongestSymbolName
 .bss.MaxBytesTruncated
                0x00000000200013e4        0x4 Core/Tracealyzer/trcStreamingRecorder.o
                0x00000000200013e4                MaxBytesTruncated
 .bss.uiTraceSystemState
                0x00000000200013e8        0x4 Core/Tracealyzer/trcStreamingRecorder.o
                0x00000000200013e8                uiTraceSystemState
 .bss.pxCurrentTCB
                0x00000000200013ec        0x4 Middlewares/Third_Party/FreeRTOS/Source/tasks.o
                0x00000000200013ec                pxCurrentTCB
 .bss.pxReadyTasksLists
                0x00000000200013f0       0x8c Middlewares/Third_Party/FreeRTOS/Source/tasks.o
 .bss.xDelayedTaskList1
                0x000000002000147c       0x14 Middlewares/Third_Party/FreeRTOS/Source/tasks.o
 .bss.xDelayedTaskList2
                0x0000000020001490       0x14 Middlewares/Third_Party/FreeRTOS/Source/tasks.o
 .bss.pxDelayedTaskList
                0x00000000200014a4        0x4 Middlewares/Third_Party/FreeRTOS/Source/tasks.o
 .bss.pxOverflowDelayedTaskList
                0x00000000200014a8        0x4 Middlewares/Third_Party/FreeRTOS/Source/tasks.o
 .bss.xPendingReadyList
                0x00000000200014ac       0x14 Middlewares/Third_Party/FreeRTOS/Source/tasks.o
 .bss.xTasksWaitingTermination
                0x00000000200014c0       0x14 Middlewares/Third_Party/FreeRTOS/Source/tasks.o
 .bss.uxDeletedTasksWaitingCleanUp
                0x00000000200014d4        0x4 Middlewares/Third_Party/FreeRTOS/Source/tasks.o
 .bss.xSuspendedTaskList
                0x00000000200014d8       0x14 Middlewares/Third_Party/FreeRTOS/Source/tasks.o
 .bss.uxCurrentNumberOfTasks
                0x00000000200014ec        0x4 Middlewares/Third_Party/FreeRTOS/Source/tasks.o
 .bss.xTickCount
                0x00000000200014f0        0x4 Middlewares/Third_Party/FreeRTOS/Source/tasks.o
 .bss.uxTopReadyPriority
                0x00000000200014f4        0x4 Middlewares/Third_Party/FreeRTOS/Source/tasks.o
 .bss.xSchedulerRunning
                0x00000000200014f8        0x4 Middlewares/Third_Party/FreeRTOS/Source/tasks.o
 .bss.uxPendedTicks
                0x00000000200014fc        0x4 Middlewares/Third_Party/FreeRTOS/Source/tasks.o
 .bss.xYieldPending
                0x0000000020001500        0x4 Middlewares/Third_Party/FreeRTOS/Source/tasks.o
 .bss.xNumOfOverflows
                0x0000000020001504        0x4 Middlewares/Third_Party/FreeRTOS/Source/tasks.o
 .bss.uxTaskNumber
                0x0000000020001508        0x4 Middlewares/Third_Party/FreeRTOS/Source/tasks.o
 .bss.xNextTaskUnblockTime
                0x000000002000150c        0x4 Middlewares/Third_Party/FreeRTOS/Source/tasks.o
 .bss.xIdleTaskHandle
                0x0000000020001510        0x4 Middlewares/Third_Party/FreeRTOS/Source/tasks.o
 .bss.uxSchedulerSuspended
                0x0000000020001514        0x4 Middlewares/Third_Party/FreeRTOS/Source/tasks.o
 .bss.ucMaxSysCallPriority
                0x0000000020001518        0x1 Middlewares/Third_Party/FreeRTOS/Source/portable/GCC/ARM_CM7/r0p1/port.o
 *fill*         0x0000000020001519        0x3 
 .bss.ulMaxPRIGROUPValue
                0x000000002000151c        0x4 Middlewares/Third_Party/FreeRTOS/Source/portable/GCC/ARM_CM7/r0p1/port.o
 .bss.ucHeap    0x0000000020001520     0x3c00 Middlewares/Third_Party/FreeRTOS/Source/portable/MemMang/heap_4.o
 .bss.xStart    0x0000000020005120        0x8 Middlewares/Third_Party/FreeRTOS/Source/portable/MemMang/heap_4.o
 .bss.pxEnd     0x0000000020005128        0x4 Middlewares/Third_Party/FreeRTOS/Source/portable/MemMang/heap_4.o
 .bss.xFreeBytesRemaining
                0x000000002000512c        0x4 Middlewares/Third_Party/FreeRTOS/Source/portable/MemMang/heap_4.o
 .bss.xMinimumEverFreeBytesRemaining
                0x0000000020005130        0x4 Middlewares/Third_Party/FreeRTOS/Source/portable/MemMang/heap_4.o
 .bss.xBlockAllocatedBit
                0x0000000020005134        0x4 Middlewares/Third_Party/FreeRTOS/Source/portable/MemMang/heap_4.o
 *(COMMON)
 COMMON         0x0000000020005138        0x8 Core/Src/freertos.o
                0x0000000020005138                Task02Handle
                0x000000002000513c                Task01Handle
 COMMON         0x0000000020005140       0x40 Core/Src/stm32f7xx_hal_timebase_tim.o
                0x0000000020005140                htim1
 COMMON         0x0000000020005180       0xa8 Core/Tracealyzer/streamports/SEGGER_RTT.o
                0x0000000020005180                _SEGGER_RTT
 COMMON         0x0000000020005228     0x138c Core/Tracealyzer/trcKernelPort.o
                0x0000000020005228                _TzTraceData
                0x00000000200065b0                trcWarningChannel
 COMMON         0x00000000200065b4        0x4 Drivers/STM32F7xx_HAL_Driver/Src/stm32f7xx_hal.o
                0x00000000200065b4                uwTick
                0x00000000200065b8                . = ALIGN (0x4)
                0x00000000200065b8                _ebss = .
                0x00000000200065b8                __bss_end__ = _ebss

._user_heap_stack
                0x00000000200065b8     0x6000 load address 0x00000000080051d8
                0x00000000200065b8                . = ALIGN (0x8)
                [!provide]                        PROVIDE (end = .)
                0x00000000200065b8                PROVIDE (_end = .)
                0x00000000200085b8                . = (. + _Min_Heap_Size)
 *fill*         0x00000000200065b8     0x2000 
                0x000000002000c5b8                . = (. + _Min_Stack_Size)
 *fill*         0x00000000200085b8     0x4000 
                0x000000002000c5b8                . = ALIGN (0x8)

/DISCARD/
 libc.a(*)
 libm.a(*)
 libgcc.a(*)

.ARM.attributes
                0x0000000000000000       0x30
 *(.ARM.attributes)
 .ARM.attributes
                0x0000000000000000       0x22 c:/st/stm32cubeide_1.4.0/stm32cubeide/plugins/com.st.stm32cube.ide.mcu.externaltools.gnu-tools-for-stm32.7-2018-q2-update.win32_1.5.0.202011040924/tools/bin/../lib/gcc/arm-none-eabi/7.3.1/thumb/v7e-m/fpv4-sp/hard/crti.o
 .ARM.attributes
                0x0000000000000022       0x34 c:/st/stm32cubeide_1.4.0/stm32cubeide/plugins/com.st.stm32cube.ide.mcu.externaltools.gnu-tools-for-stm32.7-2018-q2-update.win32_1.5.0.202011040924/tools/bin/../lib/gcc/arm-none-eabi/7.3.1/thumb/v7e-m/fpv4-sp/hard/crtbegin.o
 .ARM.attributes
                0x0000000000000056       0x39 Core/Src/freertos.o
 .ARM.attributes
                0x000000000000008f       0x39 Core/Src/gpio.o
 .ARM.attributes
                0x00000000000000c8       0x39 Core/Src/main.o
 .ARM.attributes
                0x0000000000000101       0x39 Core/Src/stm32f7xx_hal_msp.o
 .ARM.attributes
                0x000000000000013a       0x39 Core/Src/stm32f7xx_hal_timebase_tim.o
 .ARM.attributes
                0x0000000000000173       0x39 Core/Src/stm32f7xx_it.o
 .ARM.attributes
                0x00000000000001ac       0x39 Core/Src/system_stm32f7xx.o
 .ARM.attributes
                0x00000000000001e5       0x21 Core/Startup/startup_stm32f746nghx.o
 .ARM.attributes
                0x0000000000000206       0x39 Core/Tracealyzer/streamports/SEGGER_RTT.o
 .ARM.attributes
                0x000000000000023f       0x39 Core/Tracealyzer/streamports/trcStreamingPort.o
 .ARM.attributes
                0x0000000000000278       0x39 Core/Tracealyzer/trcKernelPort.o
 .ARM.attributes
                0x00000000000002b1       0x39 Core/Tracealyzer/trcStreamingRecorder.o
 .ARM.attributes
                0x00000000000002ea       0x39 Drivers/STM32F7xx_HAL_Driver/Src/stm32f7xx_hal.o
 .ARM.attributes
                0x0000000000000323       0x39 Drivers/STM32F7xx_HAL_Driver/Src/stm32f7xx_hal_cortex.o
 .ARM.attributes
                0x000000000000035c       0x39 Drivers/STM32F7xx_HAL_Driver/Src/stm32f7xx_hal_gpio.o
 .ARM.attributes
                0x0000000000000395       0x39 Drivers/STM32F7xx_HAL_Driver/Src/stm32f7xx_hal_pwr_ex.o
 .ARM.attributes
                0x00000000000003ce       0x39 Drivers/STM32F7xx_HAL_Driver/Src/stm32f7xx_hal_rcc.o
 .ARM.attributes
                0x0000000000000407       0x39 Drivers/STM32F7xx_HAL_Driver/Src/stm32f7xx_hal_tim.o
 .ARM.attributes
                0x0000000000000440       0x39 Drivers/STM32F7xx_HAL_Driver/Src/stm32f7xx_hal_tim_ex.o
 .ARM.attributes
                0x0000000000000479       0x39 Middlewares/Third_Party/FreeRTOS/Source/CMSIS_RTOS/cmsis_os.o
 .ARM.attributes
                0x00000000000004b2       0x39 Middlewares/Third_Party/FreeRTOS/Source/list.o
 .ARM.attributes
                0x00000000000004eb       0x39 Middlewares/Third_Party/FreeRTOS/Source/tasks.o
 .ARM.attributes
                0x0000000000000524       0x39 Middlewares/Third_Party/FreeRTOS/Source/portable/GCC/ARM_CM7/r0p1/port.o
 .ARM.attributes
                0x000000000000055d       0x39 Middlewares/Third_Party/FreeRTOS/Source/portable/MemMang/heap_4.o
 .ARM.attributes
                0x0000000000000596       0x34 c:/st/stm32cubeide_1.4.0/stm32cubeide/plugins/com.st.stm32cube.ide.mcu.externaltools.gnu-tools-for-stm32.7-2018-q2-update.win32_1.5.0.202011040924/tools/bin/../lib/gcc/arm-none-eabi/7.3.1/../../../../arm-none-eabi/lib/thumb/v7e-m/fpv4-sp/hard\libc_nano.a(lib_a-init.o)
 .ARM.attributes
                0x00000000000005ca       0x34 c:/st/stm32cubeide_1.4.0/stm32cubeide/plugins/com.st.stm32cube.ide.mcu.externaltools.gnu-tools-for-stm32.7-2018-q2-update.win32_1.5.0.202011040924/tools/bin/../lib/gcc/arm-none-eabi/7.3.1/../../../../arm-none-eabi/lib/thumb/v7e-m/fpv4-sp/hard\libc_nano.a(lib_a-memcpy-stub.o)
 .ARM.attributes
                0x00000000000005fe       0x34 c:/st/stm32cubeide_1.4.0/stm32cubeide/plugins/com.st.stm32cube.ide.mcu.externaltools.gnu-tools-for-stm32.7-2018-q2-update.win32_1.5.0.202011040924/tools/bin/../lib/gcc/arm-none-eabi/7.3.1/../../../../arm-none-eabi/lib/thumb/v7e-m/fpv4-sp/hard\libc_nano.a(lib_a-memset.o)
 .ARM.attributes
                0x0000000000000632       0x22 c:/st/stm32cubeide_1.4.0/stm32cubeide/plugins/com.st.stm32cube.ide.mcu.externaltools.gnu-tools-for-stm32.7-2018-q2-update.win32_1.5.0.202011040924/tools/bin/../lib/gcc/arm-none-eabi/7.3.1/thumb/v7e-m/fpv4-sp/hard\libgcc.a(_aeabi_uldivmod.o)
 .ARM.attributes
                0x0000000000000654       0x34 c:/st/stm32cubeide_1.4.0/stm32cubeide/plugins/com.st.stm32cube.ide.mcu.externaltools.gnu-tools-for-stm32.7-2018-q2-update.win32_1.5.0.202011040924/tools/bin/../lib/gcc/arm-none-eabi/7.3.1/thumb/v7e-m/fpv4-sp/hard\libgcc.a(_udivmoddi4.o)
 .ARM.attributes
                0x0000000000000688       0x22 c:/st/stm32cubeide_1.4.0/stm32cubeide/plugins/com.st.stm32cube.ide.mcu.externaltools.gnu-tools-for-stm32.7-2018-q2-update.win32_1.5.0.202011040924/tools/bin/../lib/gcc/arm-none-eabi/7.3.1/thumb/v7e-m/fpv4-sp/hard\libgcc.a(_dvmd_tls.o)
 .ARM.attributes
                0x00000000000006aa       0x22 c:/st/stm32cubeide_1.4.0/stm32cubeide/plugins/com.st.stm32cube.ide.mcu.externaltools.gnu-tools-for-stm32.7-2018-q2-update.win32_1.5.0.202011040924/tools/bin/../lib/gcc/arm-none-eabi/7.3.1/thumb/v7e-m/fpv4-sp/hard/crtn.o
OUTPUT(TracealyzerDemo.elf elf32-littlearm)

.debug_info     0x0000000000000000    0x16348
 .debug_info    0x0000000000000000      0x754 Core/Src/freertos.o
 .debug_info    0x0000000000000754      0x4d3 Core/Src/gpio.o
 .debug_info    0x0000000000000c27      0xc50 Core/Src/main.o
 .debug_info    0x0000000000001877      0x60d Core/Src/stm32f7xx_hal_msp.o
 .debug_info    0x0000000000001e84      0xbe7 Core/Src/stm32f7xx_hal_timebase_tim.o
 .debug_info    0x0000000000002a6b      0x6eb Core/Src/stm32f7xx_it.o
 .debug_info    0x0000000000003156      0x73d Core/Src/system_stm32f7xx.o
 .debug_info    0x0000000000003893       0x22 Core/Startup/startup_stm32f746nghx.o
 .debug_info    0x00000000000038b5     0x1533 Core/Tracealyzer/streamports/SEGGER_RTT.o
 .debug_info    0x0000000000004de8      0x3d5 Core/Tracealyzer/streamports/trcStreamingPort.o
 .debug_info    0x00000000000051bd      0x945 Core/Tracealyzer/trcKernelPort.o
 .debug_info    0x0000000000005b02     0x2d22 Core/Tracealyzer/trcStreamingRecorder.o
 .debug_info    0x0000000000008824      0x9d3 Drivers/STM32F7xx_HAL_Driver/Src/stm32f7xx_hal.o
 .debug_info    0x00000000000091f7     0x104a Drivers/STM32F7xx_HAL_Driver/Src/stm32f7xx_hal_cortex.o
 .debug_info    0x000000000000a241      0x7dc Drivers/STM32F7xx_HAL_Driver/Src/stm32f7xx_hal_gpio.o
 .debug_info    0x000000000000aa1d      0x96b Drivers/STM32F7xx_HAL_Driver/Src/stm32f7xx_hal_pwr_ex.o
 .debug_info    0x000000000000b388      0x935 Drivers/STM32F7xx_HAL_Driver/Src/stm32f7xx_hal_rcc.o
 .debug_info    0x000000000000bcbd     0x25a2 Drivers/STM32F7xx_HAL_Driver/Src/stm32f7xx_hal_tim.o
 .debug_info    0x000000000000e25f     0x121c Drivers/STM32F7xx_HAL_Driver/Src/stm32f7xx_hal_tim_ex.o
 .debug_info    0x000000000000f47b     0x2103 Middlewares/Third_Party/FreeRTOS/Source/CMSIS_RTOS/cmsis_os.o
 .debug_info    0x000000000001157e      0xd48 Middlewares/Third_Party/FreeRTOS/Source/list.o
 .debug_info    0x00000000000122c6     0x2ab8 Middlewares/Third_Party/FreeRTOS/Source/tasks.o
 .debug_info    0x0000000000014d7e      0x779 Middlewares/Third_Party/FreeRTOS/Source/portable/GCC/ARM_CM7/r0p1/port.o
 .debug_info    0x00000000000154f7      0xe51 Middlewares/Third_Party/FreeRTOS/Source/portable/MemMang/heap_4.o

.debug_abbrev   0x0000000000000000     0x30c3
 .debug_abbrev  0x0000000000000000      0x1a2 Core/Src/freertos.o
 .debug_abbrev  0x00000000000001a2      0x134 Core/Src/gpio.o
 .debug_abbrev  0x00000000000002d6      0x1d7 Core/Src/main.o
 .debug_abbrev  0x00000000000004ad      0x112 Core/Src/stm32f7xx_hal_msp.o
 .debug_abbrev  0x00000000000005bf      0x19d Core/Src/stm32f7xx_hal_timebase_tim.o
 .debug_abbrev  0x000000000000075c      0x15a Core/Src/stm32f7xx_it.o
 .debug_abbrev  0x00000000000008b6      0x147 Core/Src/system_stm32f7xx.o
 .debug_abbrev  0x00000000000009fd       0x12 Core/Startup/startup_stm32f746nghx.o
 .debug_abbrev  0x0000000000000a0f      0x297 Core/Tracealyzer/streamports/SEGGER_RTT.o
 .debug_abbrev  0x0000000000000ca6      0x125 Core/Tracealyzer/streamports/trcStreamingPort.o
 .debug_abbrev  0x0000000000000dcb      0x252 Core/Tracealyzer/trcKernelPort.o
 .debug_abbrev  0x000000000000101d      0x3ff Core/Tracealyzer/trcStreamingRecorder.o
 .debug_abbrev  0x000000000000141c      0x1c7 Drivers/STM32F7xx_HAL_Driver/Src/stm32f7xx_hal.o
 .debug_abbrev  0x00000000000015e3      0x2fa Drivers/STM32F7xx_HAL_Driver/Src/stm32f7xx_hal_cortex.o
 .debug_abbrev  0x00000000000018dd      0x1c9 Drivers/STM32F7xx_HAL_Driver/Src/stm32f7xx_hal_gpio.o
 .debug_abbrev  0x0000000000001aa6      0x1b8 Drivers/STM32F7xx_HAL_Driver/Src/stm32f7xx_hal_pwr_ex.o
 .debug_abbrev  0x0000000000001c5e      0x21a Drivers/STM32F7xx_HAL_Driver/Src/stm32f7xx_hal_rcc.o
 .debug_abbrev  0x0000000000001e78      0x230 Drivers/STM32F7xx_HAL_Driver/Src/stm32f7xx_hal_tim.o
 .debug_abbrev  0x00000000000020a8      0x21e Drivers/STM32F7xx_HAL_Driver/Src/stm32f7xx_hal_tim_ex.o
 .debug_abbrev  0x00000000000022c6      0x380 Middlewares/Third_Party/FreeRTOS/Source/CMSIS_RTOS/cmsis_os.o
 .debug_abbrev  0x0000000000002646      0x1e9 Middlewares/Third_Party/FreeRTOS/Source/list.o
 .debug_abbrev  0x000000000000282f      0x352 Middlewares/Third_Party/FreeRTOS/Source/tasks.o
 .debug_abbrev  0x0000000000002b81      0x283 Middlewares/Third_Party/FreeRTOS/Source/portable/GCC/ARM_CM7/r0p1/port.o
 .debug_abbrev  0x0000000000002e04      0x2bf Middlewares/Third_Party/FreeRTOS/Source/portable/MemMang/heap_4.o

.debug_aranges  0x0000000000000000     0x1250
 .debug_aranges
                0x0000000000000000       0x38 Core/Src/freertos.o
 .debug_aranges
                0x0000000000000038       0x20 Core/Src/gpio.o
 .debug_aranges
                0x0000000000000058       0x38 Core/Src/main.o
 .debug_aranges
                0x0000000000000090       0x20 Core/Src/stm32f7xx_hal_msp.o
 .debug_aranges
                0x00000000000000b0       0x30 Core/Src/stm32f7xx_hal_timebase_tim.o
 .debug_aranges
                0x00000000000000e0       0x50 Core/Src/stm32f7xx_it.o
 .debug_aranges
                0x0000000000000130       0x28 Core/Src/system_stm32f7xx.o
 .debug_aranges
                0x0000000000000158       0x28 Core/Startup/startup_stm32f746nghx.o
 .debug_aranges
                0x0000000000000180       0xf0 Core/Tracealyzer/streamports/SEGGER_RTT.o
 .debug_aranges
                0x0000000000000270       0x28 Core/Tracealyzer/streamports/trcStreamingPort.o
 .debug_aranges
                0x0000000000000298       0xb0 Core/Tracealyzer/trcKernelPort.o
 .debug_aranges
                0x0000000000000348      0x1b0 Core/Tracealyzer/trcStreamingRecorder.o
 .debug_aranges
                0x00000000000004f8      0x100 Drivers/STM32F7xx_HAL_Driver/Src/stm32f7xx_hal.o
 .debug_aranges
                0x00000000000005f8      0x118 Drivers/STM32F7xx_HAL_Driver/Src/stm32f7xx_hal_cortex.o
 .debug_aranges
                0x0000000000000710       0x58 Drivers/STM32F7xx_HAL_Driver/Src/stm32f7xx_hal_gpio.o
 .debug_aranges
                0x0000000000000768       0x80 Drivers/STM32F7xx_HAL_Driver/Src/stm32f7xx_hal_pwr_ex.o
 .debug_aranges
                0x00000000000007e8       0x88 Drivers/STM32F7xx_HAL_Driver/Src/stm32f7xx_hal_rcc.o
 .debug_aranges
                0x0000000000000870      0x3b8 Drivers/STM32F7xx_HAL_Driver/Src/stm32f7xx_hal_tim.o
 .debug_aranges
                0x0000000000000c28      0x160 Drivers/STM32F7xx_HAL_Driver/Src/stm32f7xx_hal_tim_ex.o
 .debug_aranges
                0x0000000000000d88      0x1d8 Middlewares/Third_Party/FreeRTOS/Source/CMSIS_RTOS/cmsis_os.o
 .debug_aranges
                0x0000000000000f60       0x40 Middlewares/Third_Party/FreeRTOS/Source/list.o
 .debug_aranges
                0x0000000000000fa0      0x1e0 Middlewares/Third_Party/FreeRTOS/Source/tasks.o
 .debug_aranges
                0x0000000000001180       0x80 Middlewares/Third_Party/FreeRTOS/Source/portable/GCC/ARM_CM7/r0p1/port.o
 .debug_aranges
                0x0000000000001200       0x50 Middlewares/Third_Party/FreeRTOS/Source/portable/MemMang/heap_4.o

.debug_ranges   0x0000000000000000     0x10d8
 .debug_ranges  0x0000000000000000       0x28 Core/Src/freertos.o
 .debug_ranges  0x0000000000000028       0x10 Core/Src/gpio.o
 .debug_ranges  0x0000000000000038       0x28 Core/Src/main.o
 .debug_ranges  0x0000000000000060       0x10 Core/Src/stm32f7xx_hal_msp.o
 .debug_ranges  0x0000000000000070       0x20 Core/Src/stm32f7xx_hal_timebase_tim.o
 .debug_ranges  0x0000000000000090       0x40 Core/Src/stm32f7xx_it.o
 .debug_ranges  0x00000000000000d0       0x18 Core/Src/system_stm32f7xx.o
 .debug_ranges  0x00000000000000e8       0x20 Core/Startup/startup_stm32f746nghx.o
 .debug_ranges  0x0000000000000108       0xe0 Core/Tracealyzer/streamports/SEGGER_RTT.o
 .debug_ranges  0x00000000000001e8       0x18 Core/Tracealyzer/streamports/trcStreamingPort.o
 .debug_ranges  0x0000000000000200       0xa0 Core/Tracealyzer/trcKernelPort.o
 .debug_ranges  0x00000000000002a0      0x1a0 Core/Tracealyzer/trcStreamingRecorder.o
 .debug_ranges  0x0000000000000440       0xf0 Drivers/STM32F7xx_HAL_Driver/Src/stm32f7xx_hal.o
 .debug_ranges  0x0000000000000530      0x108 Drivers/STM32F7xx_HAL_Driver/Src/stm32f7xx_hal_cortex.o
 .debug_ranges  0x0000000000000638       0x48 Drivers/STM32F7xx_HAL_Driver/Src/stm32f7xx_hal_gpio.o
 .debug_ranges  0x0000000000000680       0x70 Drivers/STM32F7xx_HAL_Driver/Src/stm32f7xx_hal_pwr_ex.o
 .debug_ranges  0x00000000000006f0       0x78 Drivers/STM32F7xx_HAL_Driver/Src/stm32f7xx_hal_rcc.o
 .debug_ranges  0x0000000000000768      0x3a8 Drivers/STM32F7xx_HAL_Driver/Src/stm32f7xx_hal_tim.o
 .debug_ranges  0x0000000000000b10      0x150 Drivers/STM32F7xx_HAL_Driver/Src/stm32f7xx_hal_tim_ex.o
 .debug_ranges  0x0000000000000c60      0x1c8 Middlewares/Third_Party/FreeRTOS/Source/CMSIS_RTOS/cmsis_os.o
 .debug_ranges  0x0000000000000e28       0x30 Middlewares/Third_Party/FreeRTOS/Source/list.o
 .debug_ranges  0x0000000000000e58      0x1d0 Middlewares/Third_Party/FreeRTOS/Source/tasks.o
 .debug_ranges  0x0000000000001028       0x70 Middlewares/Third_Party/FreeRTOS/Source/portable/GCC/ARM_CM7/r0p1/port.o
 .debug_ranges  0x0000000000001098       0x40 Middlewares/Third_Party/FreeRTOS/Source/portable/MemMang/heap_4.o

.debug_macro    0x0000000000000000    0x29078
 .debug_macro   0x0000000000000000      0x315 Core/Src/freertos.o
 .debug_macro   0x0000000000000315      0xa5a Core/Src/freertos.o
 .debug_macro   0x0000000000000d6f      0x174 Core/Src/freertos.o
 .debug_macro   0x0000000000000ee3       0x22 Core/Src/freertos.o
 .debug_macro   0x0000000000000f05       0x8e Core/Src/freertos.o
 .debug_macro   0x0000000000000f93       0x51 Core/Src/freertos.o
 .debug_macro   0x0000000000000fe4       0xef Core/Src/freertos.o
 .debug_macro   0x00000000000010d3       0x6a Core/Src/freertos.o
 .debug_macro   0x000000000000113d      0x1df Core/Src/freertos.o
 .debug_macro   0x000000000000131c       0xf1 Core/Src/freertos.o
 .debug_macro   0x000000000000140d       0x58 Core/Src/freertos.o
 .debug_macro   0x0000000000001465      0x146 Core/Src/freertos.o
 .debug_macro   0x00000000000015ab       0x2e Core/Src/freertos.o
 .debug_macro   0x00000000000015d9       0x3b Core/Src/freertos.o
 .debug_macro   0x0000000000001614       0x1c Core/Src/freertos.o
 .debug_macro   0x0000000000001630       0x22 Core/Src/freertos.o
 .debug_macro   0x0000000000001652       0xdf Core/Src/freertos.o
 .debug_macro   0x0000000000001731     0x12cd Core/Src/freertos.o
 .debug_macro   0x00000000000029fe      0x11f Core/Src/freertos.o
 .debug_macro   0x0000000000002b1d       0x19 Core/Src/freertos.o
 .debug_macro   0x0000000000002b36    0x190f0 Core/Src/freertos.o
 .debug_macro   0x000000000001bc26       0x43 Core/Src/freertos.o
 .debug_macro   0x000000000001bc69      0x28d Core/Src/freertos.o
 .debug_macro   0x000000000001bef6     0x36b4 Core/Src/freertos.o
 .debug_macro   0x000000000001f5aa       0x61 Core/Src/freertos.o
 .debug_macro   0x000000000001f60b     0x18ad Core/Src/freertos.o
 .debug_macro   0x0000000000020eb8      0x6c4 Core/Src/freertos.o
 .debug_macro   0x000000000002157c      0x185 Core/Src/freertos.o
 .debug_macro   0x0000000000021701      0x117 Core/Src/freertos.o
 .debug_macro   0x0000000000021818      0x1fe Core/Src/freertos.o
 .debug_macro   0x0000000000021a16       0x27 Core/Src/freertos.o
 .debug_macro   0x0000000000021a3d      0x24f Core/Src/freertos.o
 .debug_macro   0x0000000000021c8c       0x41 Core/Src/freertos.o
 .debug_macro   0x0000000000021ccd       0x58 Core/Src/freertos.o
 .debug_macro   0x0000000000021d25      0x236 Core/Src/freertos.o
 .debug_macro   0x0000000000021f5b      0x14f Core/Src/freertos.o
 .debug_macro   0x00000000000220aa      0x25b Core/Src/freertos.o
 .debug_macro   0x0000000000022305       0x12 Core/Src/freertos.o
 .debug_macro   0x0000000000022317      0x22c Core/Src/freertos.o
 .debug_macro   0x0000000000022543       0x5a Core/Src/freertos.o
 .debug_macro   0x000000000002259d       0xa5 Core/Src/freertos.o
 .debug_macro   0x0000000000022642      0x12f Core/Src/freertos.o
 .debug_macro   0x0000000000022771      0x108 Core/Src/freertos.o
 .debug_macro   0x0000000000022879       0x35 Core/Src/freertos.o
 .debug_macro   0x00000000000228ae      0xa2f Core/Src/freertos.o
 .debug_macro   0x00000000000232dd       0x59 Core/Src/freertos.o
 .debug_macro   0x0000000000023336      0x14e Core/Src/freertos.o
 .debug_macro   0x0000000000023484       0x9c Core/Src/freertos.o
 .debug_macro   0x0000000000023520       0x2f Core/Src/freertos.o
 .debug_macro   0x000000000002354f       0x88 Core/Src/freertos.o
 .debug_macro   0x00000000000235d7       0x29 Core/Src/freertos.o
 .debug_macro   0x0000000000023600       0x42 Core/Src/freertos.o
 .debug_macro   0x0000000000023642      0x11b Core/Src/freertos.o
 .debug_macro   0x000000000002375d       0x3c Core/Src/freertos.o
 .debug_macro   0x0000000000023799      0x8ad Core/Src/freertos.o
 .debug_macro   0x0000000000024046       0xdd Core/Src/freertos.o
 .debug_macro   0x0000000000024123      0x15a Core/Src/freertos.o
 .debug_macro   0x000000000002427d       0xde Core/Src/freertos.o
 .debug_macro   0x000000000002435b       0x1c Core/Src/freertos.o
 .debug_macro   0x0000000000024377       0x26 Core/Src/freertos.o
 .debug_macro   0x000000000002439d      0x3ad Core/Src/freertos.o
 .debug_macro   0x000000000002474a       0xb5 Core/Src/freertos.o
 .debug_macro   0x00000000000247ff       0xaa Core/Src/freertos.o
 .debug_macro   0x00000000000248a9       0x91 Core/Src/freertos.o
 .debug_macro   0x000000000002493a       0x8d Core/Src/freertos.o
 .debug_macro   0x00000000000249c7       0x7e Core/Src/freertos.o
 .debug_macro   0x0000000000024a45       0xf2 Core/Src/freertos.o
 .debug_macro   0x0000000000024b37      0x1e3 Core/Src/gpio.o
 .debug_macro   0x0000000000024d1a      0x323 Core/Src/main.o
 .debug_macro   0x000000000002503d       0xf1 Core/Src/main.o
 .debug_macro   0x000000000002512e      0x1d9 Core/Src/stm32f7xx_hal_msp.o
 .debug_macro   0x0000000000025307      0x1cf Core/Src/stm32f7xx_hal_timebase_tim.o
 .debug_macro   0x00000000000254d6      0x1e3 Core/Src/stm32f7xx_it.o
 .debug_macro   0x00000000000256b9      0x1d5 Core/Src/system_stm32f7xx.o
 .debug_macro   0x000000000002588e      0x169 Core/Tracealyzer/streamports/SEGGER_RTT.o
 .debug_macro   0x00000000000259f7      0x115 Core/Tracealyzer/streamports/SEGGER_RTT.o
 .debug_macro   0x0000000000025b0c       0x10 Core/Tracealyzer/streamports/SEGGER_RTT.o
 .debug_macro   0x0000000000025b1c       0x20 Core/Tracealyzer/streamports/SEGGER_RTT.o
 .debug_macro   0x0000000000025b3c      0x2a6 Core/Tracealyzer/streamports/trcStreamingPort.o
 .debug_macro   0x0000000000025de2      0x4e1 Core/Tracealyzer/streamports/trcStreamingPort.o
 .debug_macro   0x00000000000262c3      0x2de Core/Tracealyzer/trcKernelPort.o
 .debug_macro   0x00000000000265a1       0x87 Core/Tracealyzer/trcKernelPort.o
 .debug_macro   0x0000000000026628      0x48a Core/Tracealyzer/trcStreamingRecorder.o
 .debug_macro   0x0000000000026ab2       0x46 Core/Tracealyzer/trcStreamingRecorder.o
 .debug_macro   0x0000000000026af8       0x16 Core/Tracealyzer/trcStreamingRecorder.o
 .debug_macro   0x0000000000026b0e      0x32a Core/Tracealyzer/trcStreamingRecorder.o
 .debug_macro   0x0000000000026e38       0x16 Core/Tracealyzer/trcStreamingRecorder.o
 .debug_macro   0x0000000000026e4e      0x107 Core/Tracealyzer/trcStreamingRecorder.o
 .debug_macro   0x0000000000026f55      0x1f3 Drivers/STM32F7xx_HAL_Driver/Src/stm32f7xx_hal.o
 .debug_macro   0x0000000000027148      0x1cf Drivers/STM32F7xx_HAL_Driver/Src/stm32f7xx_hal_cortex.o
 .debug_macro   0x0000000000027317      0x205 Drivers/STM32F7xx_HAL_Driver/Src/stm32f7xx_hal_gpio.o
 .debug_macro   0x000000000002751c      0x1e7 Drivers/STM32F7xx_HAL_Driver/Src/stm32f7xx_hal_pwr_ex.o
 .debug_macro   0x0000000000027703      0x1f3 Drivers/STM32F7xx_HAL_Driver/Src/stm32f7xx_hal_rcc.o
 .debug_macro   0x00000000000278f6      0x1d0 Drivers/STM32F7xx_HAL_Driver/Src/stm32f7xx_hal_tim.o
 .debug_macro   0x0000000000027ac6      0x1cf Drivers/STM32F7xx_HAL_Driver/Src/stm32f7xx_hal_tim_ex.o
 .debug_macro   0x0000000000027c95      0x3dc Middlewares/Third_Party/FreeRTOS/Source/CMSIS_RTOS/cmsis_os.o
 .debug_macro   0x0000000000028071       0xd9 Middlewares/Third_Party/FreeRTOS/Source/CMSIS_RTOS/cmsis_os.o
 .debug_macro   0x000000000002814a       0x5b Middlewares/Third_Party/FreeRTOS/Source/CMSIS_RTOS/cmsis_os.o
 .debug_macro   0x00000000000281a5      0x368 Middlewares/Third_Party/FreeRTOS/Source/list.o
 .debug_macro   0x000000000002850d      0x45a Middlewares/Third_Party/FreeRTOS/Source/tasks.o
 .debug_macro   0x0000000000028967       0x10 Middlewares/Third_Party/FreeRTOS/Source/tasks.o
 .debug_macro   0x0000000000028977      0x372 Middlewares/Third_Party/FreeRTOS/Source/portable/GCC/ARM_CM7/r0p1/port.o
 .debug_macro   0x0000000000028ce9      0x38f Middlewares/Third_Party/FreeRTOS/Source/portable/MemMang/heap_4.o

.debug_line     0x0000000000000000    0x10cbb
 .debug_line    0x0000000000000000      0xa39 Core/Src/freertos.o
 .debug_line    0x0000000000000a39      0x6bd Core/Src/gpio.o
 .debug_line    0x00000000000010f6      0xa53 Core/Src/main.o
 .debug_line    0x0000000000001b49      0x6ba Core/Src/stm32f7xx_hal_msp.o
 .debug_line    0x0000000000002203      0x6ed Core/Src/stm32f7xx_hal_timebase_tim.o
 .debug_line    0x00000000000028f0      0x73f Core/Src/stm32f7xx_it.o
 .debug_line    0x000000000000302f      0x6d2 Core/Src/system_stm32f7xx.o
 .debug_line    0x0000000000003701       0x85 Core/Startup/startup_stm32f746nghx.o
 .debug_line    0x0000000000003786      0x8c8 Core/Tracealyzer/streamports/SEGGER_RTT.o
 .debug_line    0x000000000000404e      0x989 Core/Tracealyzer/streamports/trcStreamingPort.o
 .debug_line    0x00000000000049d7      0xb19 Core/Tracealyzer/trcKernelPort.o
 .debug_line    0x00000000000054f0     0x1623 Core/Tracealyzer/trcStreamingRecorder.o
 .debug_line    0x0000000000006b13      0x8e1 Drivers/STM32F7xx_HAL_Driver/Src/stm32f7xx_hal.o
 .debug_line    0x00000000000073f4      0x9e2 Drivers/STM32F7xx_HAL_Driver/Src/stm32f7xx_hal_cortex.o
 .debug_line    0x0000000000007dd6      0x8c6 Drivers/STM32F7xx_HAL_Driver/Src/stm32f7xx_hal_gpio.o
 .debug_line    0x000000000000869c      0x802 Drivers/STM32F7xx_HAL_Driver/Src/stm32f7xx_hal_pwr_ex.o
 .debug_line    0x0000000000008e9e      0x957 Drivers/STM32F7xx_HAL_Driver/Src/stm32f7xx_hal_rcc.o
 .debug_line    0x00000000000097f5     0x19fe Drivers/STM32F7xx_HAL_Driver/Src/stm32f7xx_hal_tim.o
 .debug_line    0x000000000000b1f3      0xd69 Drivers/STM32F7xx_HAL_Driver/Src/stm32f7xx_hal_tim_ex.o
 .debug_line    0x000000000000bf5c     0x115d Middlewares/Third_Party/FreeRTOS/Source/CMSIS_RTOS/cmsis_os.o
 .debug_line    0x000000000000d0b9      0xb31 Middlewares/Third_Party/FreeRTOS/Source/list.o
 .debug_line    0x000000000000dbea     0x1940 Middlewares/Third_Party/FreeRTOS/Source/tasks.o
 .debug_line    0x000000000000f52a      0xb55 Middlewares/Third_Party/FreeRTOS/Source/portable/GCC/ARM_CM7/r0p1/port.o
 .debug_line    0x000000000001007f      0xc3c Middlewares/Third_Party/FreeRTOS/Source/portable/MemMang/heap_4.o

.debug_str      0x0000000000000000    0xfc29a
 .debug_str     0x0000000000000000    0xf067e Core/Src/freertos.o
                                      0xf0df4 (size before relaxing)
 .debug_str     0x00000000000f067e      0x199 Core/Src/gpio.o
                                      0xe2054 (size before relaxing)
 .debug_str     0x00000000000f0817      0x5a6 Core/Src/main.o
                                      0xf11f7 (size before relaxing)
 .debug_str     0x00000000000f0dbd      0x5ba Core/Src/stm32f7xx_hal_msp.o
                                      0xe255a (size before relaxing)
 .debug_str     0x00000000000f1377       0xaa Core/Src/stm32f7xx_hal_timebase_tim.o
                                      0xe2aab (size before relaxing)
 .debug_str     0x00000000000f1421       0xab Core/Src/stm32f7xx_it.o
                                      0xe237d (size before relaxing)
 .debug_str     0x00000000000f14cc      0x18d Core/Src/system_stm32f7xx.o
                                      0xe2107 (size before relaxing)
 .debug_str     0x00000000000f1659       0x36 Core/Startup/startup_stm32f746nghx.o
                                         0x75 (size before relaxing)
 .debug_str     0x00000000000f168f     0x3459 Core/Tracealyzer/streamports/SEGGER_RTT.o
                                       0x70d0 (size before relaxing)
 .debug_str     0x00000000000f4ae8      0x681 Core/Tracealyzer/streamports/trcStreamingPort.o
                                      0xee2fe (size before relaxing)
 .debug_str     0x00000000000f5169      0x32f Core/Tracealyzer/trcKernelPort.o
                                      0xef6ba (size before relaxing)
 .debug_str     0x00000000000f5498     0x2574 Core/Tracealyzer/trcStreamingRecorder.o
                                      0xf38e1 (size before relaxing)
 .debug_str     0x00000000000f7a0c      0x341 Drivers/STM32F7xx_HAL_Driver/Src/stm32f7xx_hal.o
                                      0xe29b9 (size before relaxing)
 .debug_str     0x00000000000f7d4d      0x37f Drivers/STM32F7xx_HAL_Driver/Src/stm32f7xx_hal_cortex.o
                                      0xe2a60 (size before relaxing)
 .debug_str     0x00000000000f80cc      0x249 Drivers/STM32F7xx_HAL_Driver/Src/stm32f7xx_hal_gpio.o
                                      0xe22dd (size before relaxing)
 .debug_str     0x00000000000f8315      0x1d1 Drivers/STM32F7xx_HAL_Driver/Src/stm32f7xx_hal_pwr_ex.o
                                      0xe2381 (size before relaxing)
 .debug_str     0x00000000000f84e6      0x26e Drivers/STM32F7xx_HAL_Driver/Src/stm32f7xx_hal_rcc.o
                                      0xe2422 (size before relaxing)
 .debug_str     0x00000000000f8754      0xd8d Drivers/STM32F7xx_HAL_Driver/Src/stm32f7xx_hal_tim.o
                                      0xe3193 (size before relaxing)
 .debug_str     0x00000000000f94e1      0x563 Drivers/STM32F7xx_HAL_Driver/Src/stm32f7xx_hal_tim_ex.o
                                      0xe29e6 (size before relaxing)
 .debug_str     0x00000000000f9a44      0x8b8 Middlewares/Third_Party/FreeRTOS/Source/CMSIS_RTOS/cmsis_os.o
                                      0xf45ea (size before relaxing)
 .debug_str     0x00000000000fa2fc      0x219 Middlewares/Third_Party/FreeRTOS/Source/list.o
                                      0xf155f (size before relaxing)
 .debug_str     0x00000000000fa515     0x13a9 Middlewares/Third_Party/FreeRTOS/Source/tasks.o
                                      0xf39a9 (size before relaxing)
 .debug_str     0x00000000000fb8be      0x782 Middlewares/Third_Party/FreeRTOS/Source/portable/GCC/ARM_CM7/r0p1/port.o
                                      0xef2cf (size before relaxing)
 .debug_str     0x00000000000fc040      0x25a Middlewares/Third_Party/FreeRTOS/Source/portable/MemMang/heap_4.o
                                      0xf1d40 (size before relaxing)

.comment        0x0000000000000000       0x7b
 .comment       0x0000000000000000       0x7b Core/Src/freertos.o
                                         0x7c (size before relaxing)
 .comment       0x000000000000007b       0x7c Core/Src/gpio.o
 .comment       0x000000000000007b       0x7c Core/Src/main.o
 .comment       0x000000000000007b       0x7c Core/Src/stm32f7xx_hal_msp.o
 .comment       0x000000000000007b       0x7c Core/Src/stm32f7xx_hal_timebase_tim.o
 .comment       0x000000000000007b       0x7c Core/Src/stm32f7xx_it.o
 .comment       0x000000000000007b       0x7c Core/Src/system_stm32f7xx.o
 .comment       0x000000000000007b       0x7c Core/Tracealyzer/streamports/SEGGER_RTT.o
 .comment       0x000000000000007b       0x7c Core/Tracealyzer/streamports/trcStreamingPort.o
 .comment       0x000000000000007b       0x7c Core/Tracealyzer/trcKernelPort.o
 .comment       0x000000000000007b       0x7c Core/Tracealyzer/trcStreamingRecorder.o
 .comment       0x000000000000007b       0x7c Drivers/STM32F7xx_HAL_Driver/Src/stm32f7xx_hal.o
 .comment       0x000000000000007b       0x7c Drivers/STM32F7xx_HAL_Driver/Src/stm32f7xx_hal_cortex.o
 .comment       0x000000000000007b       0x7c Drivers/STM32F7xx_HAL_Driver/Src/stm32f7xx_hal_gpio.o
 .comment       0x000000000000007b       0x7c Drivers/STM32F7xx_HAL_Driver/Src/stm32f7xx_hal_pwr_ex.o
 .comment       0x000000000000007b       0x7c Drivers/STM32F7xx_HAL_Driver/Src/stm32f7xx_hal_rcc.o
 .comment       0x000000000000007b       0x7c Drivers/STM32F7xx_HAL_Driver/Src/stm32f7xx_hal_tim.o
 .comment       0x000000000000007b       0x7c Drivers/STM32F7xx_HAL_Driver/Src/stm32f7xx_hal_tim_ex.o
 .comment       0x000000000000007b       0x7c Middlewares/Third_Party/FreeRTOS/Source/CMSIS_RTOS/cmsis_os.o
 .comment       0x000000000000007b       0x7c Middlewares/Third_Party/FreeRTOS/Source/list.o
 .comment       0x000000000000007b       0x7c Middlewares/Third_Party/FreeRTOS/Source/tasks.o
 .comment       0x000000000000007b       0x7c Middlewares/Third_Party/FreeRTOS/Source/portable/GCC/ARM_CM7/r0p1/port.o
 .comment       0x000000000000007b       0x7c Middlewares/Third_Party/FreeRTOS/Source/portable/MemMang/heap_4.o

.debug_frame    0x0000000000000000     0x4af4
 .debug_frame   0x0000000000000000       0xa0 Core/Src/freertos.o
 .debug_frame   0x00000000000000a0       0x34 Core/Src/gpio.o
 .debug_frame   0x00000000000000d4       0x8c Core/Src/main.o
 .debug_frame   0x0000000000000160       0x34 Core/Src/stm32f7xx_hal_msp.o
 .debug_frame   0x0000000000000194       0x74 Core/Src/stm32f7xx_hal_timebase_tim.o
 .debug_frame   0x0000000000000208       0xc4 Core/Src/stm32f7xx_it.o
 .debug_frame   0x00000000000002cc       0x58 Core/Src/system_stm32f7xx.o
 .debug_frame   0x0000000000000324      0x3e0 Core/Tracealyzer/streamports/SEGGER_RTT.o
 .debug_frame   0x0000000000000704       0x58 Core/Tracealyzer/streamports/trcStreamingPort.o
 .debug_frame   0x000000000000075c      0x2a8 Core/Tracealyzer/trcKernelPort.o
 .debug_frame   0x0000000000000a04      0x7a8 Core/Tracealyzer/trcStreamingRecorder.o
 .debug_frame   0x00000000000011ac      0x3b4 Drivers/STM32F7xx_HAL_Driver/Src/stm32f7xx_hal.o
 .debug_frame   0x0000000000001560      0x498 Drivers/STM32F7xx_HAL_Driver/Src/stm32f7xx_hal_cortex.o
 .debug_frame   0x00000000000019f8      0x14c Drivers/STM32F7xx_HAL_Driver/Src/stm32f7xx_hal_gpio.o
 .debug_frame   0x0000000000001b44      0x1c8 Drivers/STM32F7xx_HAL_Driver/Src/stm32f7xx_hal_pwr_ex.o
 .debug_frame   0x0000000000001d0c      0x1f4 Drivers/STM32F7xx_HAL_Driver/Src/stm32f7xx_hal_rcc.o
 .debug_frame   0x0000000000001f00     0x1144 Drivers/STM32F7xx_HAL_Driver/Src/stm32f7xx_hal_tim.o
 .debug_frame   0x0000000000003044      0x610 Drivers/STM32F7xx_HAL_Driver/Src/stm32f7xx_hal_tim_ex.o
 .debug_frame   0x0000000000003654      0x80c Middlewares/Third_Party/FreeRTOS/Source/CMSIS_RTOS/cmsis_os.o
 .debug_frame   0x0000000000003e60       0xd8 Middlewares/Third_Party/FreeRTOS/Source/list.o
 .debug_frame   0x0000000000003f38      0x838 Middlewares/Third_Party/FreeRTOS/Source/tasks.o
 .debug_frame   0x0000000000004770      0x1a8 Middlewares/Third_Party/FreeRTOS/Source/portable/GCC/ARM_CM7/r0p1/port.o
 .debug_frame   0x0000000000004918      0x108 Middlewares/Third_Party/FreeRTOS/Source/portable/MemMang/heap_4.o
 .debug_frame   0x0000000000004a20       0x2c c:/st/stm32cubeide_1.4.0/stm32cubeide/plugins/com.st.stm32cube.ide.mcu.externaltools.gnu-tools-for-stm32.7-2018-q2-update.win32_1.5.0.202011040924/tools/bin/../lib/gcc/arm-none-eabi/7.3.1/../../../../arm-none-eabi/lib/thumb/v7e-m/fpv4-sp/hard\libc_nano.a(lib_a-init.o)
 .debug_frame   0x0000000000004a4c       0x28 c:/st/stm32cubeide_1.4.0/stm32cubeide/plugins/com.st.stm32cube.ide.mcu.externaltools.gnu-tools-for-stm32.7-2018-q2-update.win32_1.5.0.202011040924/tools/bin/../lib/gcc/arm-none-eabi/7.3.1/../../../../arm-none-eabi/lib/thumb/v7e-m/fpv4-sp/hard\libc_nano.a(lib_a-memcpy-stub.o)
 .debug_frame   0x0000000000004a74       0x20 c:/st/stm32cubeide_1.4.0/stm32cubeide/plugins/com.st.stm32cube.ide.mcu.externaltools.gnu-tools-for-stm32.7-2018-q2-update.win32_1.5.0.202011040924/tools/bin/../lib/gcc/arm-none-eabi/7.3.1/../../../../arm-none-eabi/lib/thumb/v7e-m/fpv4-sp/hard\libc_nano.a(lib_a-memset.o)
 .debug_frame   0x0000000000004a94       0x2c c:/st/stm32cubeide_1.4.0/stm32cubeide/plugins/com.st.stm32cube.ide.mcu.externaltools.gnu-tools-for-stm32.7-2018-q2-update.win32_1.5.0.202011040924/tools/bin/../lib/gcc/arm-none-eabi/7.3.1/thumb/v7e-m/fpv4-sp/hard\libgcc.a(_aeabi_uldivmod.o)
 .debug_frame   0x0000000000004ac0       0x34 c:/st/stm32cubeide_1.4.0/stm32cubeide/plugins/com.st.stm32cube.ide.mcu.externaltools.gnu-tools-for-stm32.7-2018-q2-update.win32_1.5.0.202011040924/tools/bin/../lib/gcc/arm-none-eabi/7.3.1/thumb/v7e-m/fpv4-sp/hard\libgcc.a(_udivmoddi4.o)
